Component: ARM Compiler 5.06 update 2 (build 183) Tool: armlink [4d35b7]

==============================================================================

Section Cross References

    stm32f1xx_hal_rcc_ex.o(i.HAL_RCCEx_GetPeriphCLKFreq) refers to stm32f1xx_hal_rcc.o(i.HAL_RCC_GetPCLK2Freq) for HAL_RCC_GetPCLK2Freq
    stm32f1xx_hal_rcc_ex.o(i.HAL_RCCEx_PeriphCLKConfig) refers to stm32f1xx_hal.o(i.HAL_GetTick) for HAL_GetTick
    stm32f1xx_hal_rcc_ex.o(.ARM.exidx) refers to stm32f1xx_hal_rcc_ex.o(i.HAL_RCCEx_PeriphCLKConfig) for i.HAL_RCCEx_PeriphCLKConfig
    stm32f1xx_hal_rcc_ex.o(.ARM.exidx) refers to stm32f1xx_hal_rcc_ex.o(i.HAL_RCCEx_GetPeriphCLKConfig) for i.HAL_RCCEx_GetPeriphCLKConfig
    stm32f1xx_hal_rcc_ex.o(.ARM.exidx) refers to stm32f1xx_hal_rcc_ex.o(i.HAL_RCCEx_GetPeriphCLKFreq) for i.HAL_RCCEx_GetPeriphCLKFreq
    stm32f1xx_hal_gpio_ex.o(.ARM.exidx) refers to stm32f1xx_hal_gpio_ex.o(i.HAL_GPIOEx_ConfigEventout) for i.HAL_GPIOEx_ConfigEventout
    stm32f1xx_hal_gpio_ex.o(.ARM.exidx) refers to stm32f1xx_hal_gpio_ex.o(i.HAL_GPIOEx_EnableEventout) for i.HAL_GPIOEx_EnableEventout
    stm32f1xx_hal_gpio_ex.o(.ARM.exidx) refers to stm32f1xx_hal_gpio_ex.o(i.HAL_GPIOEx_DisableEventout) for i.HAL_GPIOEx_DisableEventout
    stm32f1xx_hal_gpio.o(i.HAL_GPIO_EXTI_IRQHandler) refers to stm32f1xx_hal_gpio.o(i.HAL_GPIO_EXTI_Callback) for HAL_GPIO_EXTI_Callback
    stm32f1xx_hal_gpio.o(.ARM.exidx) refers to stm32f1xx_hal_gpio.o(i.HAL_GPIO_Init) for i.HAL_GPIO_Init
    stm32f1xx_hal_gpio.o(.ARM.exidx) refers to stm32f1xx_hal_gpio.o(i.HAL_GPIO_DeInit) for i.HAL_GPIO_DeInit
    stm32f1xx_hal_gpio.o(.ARM.exidx) refers to stm32f1xx_hal_gpio.o(i.HAL_GPIO_ReadPin) for i.HAL_GPIO_ReadPin
    stm32f1xx_hal_gpio.o(.ARM.exidx) refers to stm32f1xx_hal_gpio.o(i.HAL_GPIO_WritePin) for i.HAL_GPIO_WritePin
    stm32f1xx_hal_gpio.o(.ARM.exidx) refers to stm32f1xx_hal_gpio.o(i.HAL_GPIO_TogglePin) for i.HAL_GPIO_TogglePin
    stm32f1xx_hal_gpio.o(.ARM.exidx) refers to stm32f1xx_hal_gpio.o(i.HAL_GPIO_LockPin) for i.HAL_GPIO_LockPin
    stm32f1xx_hal_gpio.o(.ARM.exidx) refers to stm32f1xx_hal_gpio.o(i.HAL_GPIO_EXTI_Callback) for i.HAL_GPIO_EXTI_Callback
    stm32f1xx_hal_gpio.o(.ARM.exidx) refers to stm32f1xx_hal_gpio.o(i.HAL_GPIO_EXTI_IRQHandler) for i.HAL_GPIO_EXTI_IRQHandler
    stm32f1xx_hal_cortex.o(i.HAL_NVIC_SetPriority) refers to stm32f1xx_hal_cortex.o(i._Z16NVIC_SetPriority9IRQn_Typej) for NVIC_SetPriority(IRQn_Type, unsigned)
    stm32f1xx_hal_cortex.o(i.HAL_SYSTICK_Config) refers to stm32f1xx_hal_cortex.o(i._Z16NVIC_SetPriority9IRQn_Typej) for NVIC_SetPriority(IRQn_Type, unsigned)
    stm32f1xx_hal_cortex.o(i.HAL_SYSTICK_IRQHandler) refers to stm32f1xx_hal_cortex.o(i.HAL_SYSTICK_Callback) for HAL_SYSTICK_Callback
    stm32f1xx_hal_cortex.o(.ARM.exidx) refers to stm32f1xx_hal_cortex.o(i.HAL_NVIC_SetPriorityGrouping) for i.HAL_NVIC_SetPriorityGrouping
    stm32f1xx_hal_cortex.o(.ARM.exidx) refers to stm32f1xx_hal_cortex.o(i.HAL_NVIC_SetPriority) for i.HAL_NVIC_SetPriority
    stm32f1xx_hal_cortex.o(.ARM.exidx) refers to stm32f1xx_hal_cortex.o(i.HAL_NVIC_EnableIRQ) for i.HAL_NVIC_EnableIRQ
    stm32f1xx_hal_cortex.o(.ARM.exidx) refers to stm32f1xx_hal_cortex.o(i.HAL_NVIC_DisableIRQ) for i.HAL_NVIC_DisableIRQ
    stm32f1xx_hal_cortex.o(.ARM.exidx) refers to stm32f1xx_hal_cortex.o(i.HAL_NVIC_SystemReset) for i.HAL_NVIC_SystemReset
    stm32f1xx_hal_cortex.o(.ARM.exidx) refers to stm32f1xx_hal_cortex.o(i.HAL_SYSTICK_Config) for i.HAL_SYSTICK_Config
    stm32f1xx_hal_cortex.o(.ARM.exidx) refers to stm32f1xx_hal_cortex.o(i.HAL_NVIC_GetPriorityGrouping) for i.HAL_NVIC_GetPriorityGrouping
    stm32f1xx_hal_cortex.o(.ARM.exidx) refers to stm32f1xx_hal_cortex.o(i.HAL_NVIC_GetPriority) for i.HAL_NVIC_GetPriority
    stm32f1xx_hal_cortex.o(.ARM.exidx) refers to stm32f1xx_hal_cortex.o(i.HAL_NVIC_SetPendingIRQ) for i.HAL_NVIC_SetPendingIRQ
    stm32f1xx_hal_cortex.o(.ARM.exidx) refers to stm32f1xx_hal_cortex.o(i.HAL_NVIC_GetPendingIRQ) for i.HAL_NVIC_GetPendingIRQ
    stm32f1xx_hal_cortex.o(.ARM.exidx) refers to stm32f1xx_hal_cortex.o(i.HAL_NVIC_ClearPendingIRQ) for i.HAL_NVIC_ClearPendingIRQ
    stm32f1xx_hal_cortex.o(.ARM.exidx) refers to stm32f1xx_hal_cortex.o(i.HAL_NVIC_GetActive) for i.HAL_NVIC_GetActive
    stm32f1xx_hal_cortex.o(.ARM.exidx) refers to stm32f1xx_hal_cortex.o(i.HAL_SYSTICK_CLKSourceConfig) for i.HAL_SYSTICK_CLKSourceConfig
    stm32f1xx_hal_cortex.o(.ARM.exidx) refers to stm32f1xx_hal_cortex.o(i.HAL_SYSTICK_Callback) for i.HAL_SYSTICK_Callback
    stm32f1xx_hal_cortex.o(.ARM.exidx) refers to stm32f1xx_hal_cortex.o(i.HAL_SYSTICK_IRQHandler) for i.HAL_SYSTICK_IRQHandler
    stm32f1xx_hal_cortex.o(.ARM.exidx) refers to stm32f1xx_hal_cortex.o(i._Z16NVIC_SetPriority9IRQn_Typej) for i._Z16NVIC_SetPriority9IRQn_Typej
    stm32f1xx_hal_flash.o(i.FLASH_WaitForLastOperation) refers to stm32f1xx_hal.o(i.HAL_GetTick) for HAL_GetTick
[...]
    Removing stm32f1xx_hal_flash_ex.o(.ARM.exidx), (8 bytes).
    Removing stm32f1xx_hal_flash_ex.o(.ARM.exidx), (8 bytes).
    Removing stm32f1xx_hal_flash_ex.o(.ARM.exidx), (8 bytes).
    Removing stm32f1xx_hal_flash_ex.o(.ARM.exidx), (8 bytes).
    Removing stm32f1xx_hal_flash_ex.o(.ARM.exidx), (8 bytes).
    Removing stm32f1xx_hal_flash_ex.o(.ARM.exidx), (8 bytes).
    Removing stm32f1xx_hal_flash_ex.o(.ARM.exidx), (8 bytes).
    Removing stm32f1xx_hal_flash_ex.o(.ARM.exidx), (8 bytes).
    Removing stm32f1xx_hal_flash_ex.o(.ARM.exidx), (8 bytes).
    Removing stm32f1xx_hal_flash_ex.o(.ARM.exidx), (8 bytes).
    Removing stm32f1xx_hal_flash_ex.o(.ARM.exidx), (8 bytes).
    Removing stm32f1xx_hal_tim_ex.o(.rev16_text), (4 bytes).
    Removing stm32f1xx_hal_tim_ex.o(.revsh_text), (4 bytes).
    Removing stm32f1xx_hal_tim_ex.o(.rrx_text), (6 bytes).
    Removing stm32f1xx_hal_rtc.o(.rev16_text), (4 bytes).
    Removing stm32f1xx_hal_rtc.o(.revsh_text), (4 bytes).
    Removing stm32f1xx_hal_rtc.o(.rrx_text), (6 bytes).
    Removing stm32f1xx_hal_rtc.o(i.HAL_RTC_AlarmAEventCallback), (2 bytes).
    Removing stm32f1xx_hal_rtc.o(i.HAL_RTC_AlarmIRQHandler), (52 bytes).
    Removing stm32f1xx_hal_rtc.o(i.HAL_RTC_DeInit), (100 bytes).
    Removing stm32f1xx_hal_rtc.o(i.HAL_RTC_DeactivateAlarm), (112 bytes).
    Removing stm32f1xx_hal_rtc.o(i.HAL_RTC_GetAlarm), (102 bytes).
    Removing stm32f1xx_hal_rtc.o(i.HAL_RTC_GetDate), (78 bytes).
    Removing stm32f1xx_hal_rtc.o(i.HAL_RTC_GetState), (4 bytes).
    Removing stm32f1xx_hal_rtc.o(i.HAL_RTC_GetTime), (216 bytes).
    Removing stm32f1xx_hal_rtc.o(i.HAL_RTC_MspDeInit), (2 bytes).
    Removing stm32f1xx_hal_rtc.o(i.HAL_RTC_MspInit), (2 bytes).
    Removing stm32f1xx_hal_rtc.o(i.HAL_RTC_PollForAlarmAEvent), (64 bytes).
    Removing stm32f1xx_hal_rtc.o(i.HAL_RTC_SetAlarm), (188 bytes).
    Removing stm32f1xx_hal_rtc.o(i.HAL_RTC_SetAlarm_IT), (232 bytes).
    Removing stm32f1xx_hal_rtc.o(i.HAL_RTC_SetDate), (196 bytes).
    Removing stm32f1xx_hal_rtc.o(i.HAL_RTC_SetTime), (172 bytes).
    Removing stm32f1xx_hal_rtc.o(i._Z14RTC_Bcd2ToByteh), (18 bytes).
    Removing stm32f1xx_hal_rtc.o(i._Z14RTC_ByteToBcd2h), (22 bytes).
    Removing stm32f1xx_hal_rtc.o(i._Z14RTC_DateUpdateP17RTC_HandleTypeDefj), (174 bytes).
    Removing stm32f1xx_hal_rtc.o(i._Z14RTC_WeekDayNumjhh), (86 bytes).
    Removing stm32f1xx_hal_rtc.o(i._Z19RTC_ReadTimeCounterP17RTC_HandleTypeDef), (32 bytes).
    Removing stm32f1xx_hal_rtc.o(i._Z20RTC_ReadAlarmCounterP17RTC_HandleTypeDef), (14 bytes).
    Removing stm32f1xx_hal_rtc.o(i._Z20RTC_WriteTimeCounterP17RTC_HandleTypeDefj), (40 bytes).
    Removing stm32f1xx_hal_rtc.o(i._Z21RTC_WriteAlarmCounterP17RTC_HandleTypeDefj), (40 bytes).
    Removing stm32f1xx_hal_rtc.o(.ARM.exidx), (8 bytes).
    Removing stm32f1xx_hal_rtc.o(.ARM.exidx), (8 bytes).
    Removing stm32f1xx_hal_rtc.o(.ARM.exidx), (8 bytes).
    Removing stm32f1xx_hal_rtc.o(.ARM.exidx), (8 bytes).
    Removing stm32f1xx_hal_rtc.o(.ARM.exidx), (8 bytes).
    Removing stm32f1xx_hal_rtc.o(.ARM.exidx), (8 bytes).
    Removing stm32f1xx_hal_rtc.o(.ARM.exidx), (8 bytes).
    Removing stm32f1xx_hal_rtc.o(.ARM.exidx), (8 bytes).
    Removing stm32f1xx_hal_rtc.o(.ARM.exidx), (8 bytes).
    Removing stm32f1xx_hal_rtc.o(.ARM.exidx), (8 bytes).
    Removing stm32f1xx_hal_rtc.o(.ARM.exidx), (8 bytes).
    Removing stm32f1xx_hal_rtc.o(.ARM.exidx), (8 bytes).
    Removing stm32f1xx_hal_rtc.o(.ARM.exidx), (8 bytes).
    Removing stm32f1xx_hal_rtc.o(.ARM.exidx), (8 bytes).
    Removing stm32f1xx_hal_rtc.o(.ARM.exidx), (8 bytes).
    Removing stm32f1xx_hal_rtc.o(.ARM.exidx), (8 bytes).
    Removing stm32f1xx_hal_rtc.o(.ARM.exidx), (8 bytes).
    Removing stm32f1xx_hal_rtc.o(.ARM.exidx), (8 bytes).
    Removing stm32f1xx_hal_rtc.o(.ARM.exidx), (8 bytes).
    Removing stm32f1xx_hal_rtc.o(.ARM.exidx), (8 bytes).
    Removing stm32f1xx_hal_rtc.o(.ARM.exidx), (8 bytes).
    Removing stm32f1xx_hal_rtc.o(.ARM.exidx), (8 bytes).
    Removing stm32f1xx_hal_rtc.o(.ARM.exidx), (8 bytes).
    Removing stm32f1xx_hal_rtc.o(.ARM.exidx), (8 bytes).
    Removing stm32f1xx_hal_rtc.o(.ARM.exidx), (8 bytes).
    Removing stm32f1xx_hal_rtc.o(.ARM.exidx), (8 bytes).
    Removing stm32f1xx_hal_rtc.o(.ARM.exidx), (8 bytes).
    Removing stm32f1xx_hal_pwr.o(.rev16_text), (4 bytes).
    Removing stm32f1xx_hal_pwr.o(.revsh_text), (4 bytes).
    Removing stm32f1xx_hal_pwr.o(.rrx_text), (6 bytes).
    Removing stm32f1xx_hal_pwr.o(i.HAL_PWR_ConfigPVD), (124 bytes).
    Removing stm32f1xx_hal_pwr.o(i.HAL_PWR_DeInit), (24 bytes).
    Removing stm32f1xx_hal_pwr.o(i.HAL_PWR_DisableBkUpAccess), (28 bytes).
    Removing stm32f1xx_hal_pwr.o(i.HAL_PWR_DisablePVD), (24 bytes).
    Removing stm32f1xx_hal_pwr.o(i.HAL_PWR_DisableSEVOnPend), (16 bytes).
    Removing stm32f1xx_hal_pwr.o(i.HAL_PWR_DisableSleepOnExit), (16 bytes).
    Removing stm32f1xx_hal_pwr.o(i.HAL_PWR_DisableWakeUpPin), (28 bytes).
    Removing stm32f1xx_hal_pwr.o(i.HAL_PWR_EnablePVD), (24 bytes).
    Removing stm32f1xx_hal_pwr.o(i.HAL_PWR_EnableSEVOnPend), (16 bytes).
    Removing stm32f1xx_hal_pwr.o(i.HAL_PWR_EnableSleepOnExit), (16 bytes).
    Removing stm32f1xx_hal_pwr.o(i.HAL_PWR_EnableWakeUpPin), (28 bytes).
    Removing stm32f1xx_hal_pwr.o(i.HAL_PWR_EnterSLEEPMode), (32 bytes).
    Removing stm32f1xx_hal_pwr.o(i.HAL_PWR_EnterSTANDBYMode), (32 bytes).
    Removing stm32f1xx_hal_pwr.o(i.HAL_PWR_EnterSTOPMode), (68 bytes).
    Removing stm32f1xx_hal_pwr.o(i.HAL_PWR_PVDCallback), (2 bytes).
    Removing stm32f1xx_hal_pwr.o(i.HAL_PWR_PVD_IRQHandler), (28 bytes).
    Removing stm32f1xx_hal_pwr.o(i._Z15PWR_OverloadWfev), (6 bytes).
    Removing stm32f1xx_hal_pwr.o(.ARM.exidx), (8 bytes).
    Removing stm32f1xx_hal_pwr.o(.ARM.exidx), (8 bytes).
    Removing stm32f1xx_hal_pwr.o(.ARM.exidx), (8 bytes).
    Removing stm32f1xx_hal_pwr.o(.ARM.exidx), (8 bytes).
    Removing stm32f1xx_hal_pwr.o(.ARM.exidx), (8 bytes).
    Removing stm32f1xx_hal_pwr.o(.ARM.exidx), (8 bytes).
    Removing stm32f1xx_hal_pwr.o(.ARM.exidx), (8 bytes).
    Removing stm32f1xx_hal_pwr.o(.ARM.exidx), (8 bytes).
    Removing stm32f1xx_hal_pwr.o(.ARM.exidx), (8 bytes).
    Removing stm32f1xx_hal_pwr.o(.ARM.exidx), (8 bytes).
    Removing stm32f1xx_hal_pwr.o(.ARM.exidx), (8 bytes).
    Removing stm32f1xx_hal_pwr.o(.ARM.exidx), (8 bytes).
    Removing stm32f1xx_hal_pwr.o(.ARM.exidx), (8 bytes).
    Removing stm32f1xx_hal_pwr.o(.ARM.exidx), (8 bytes).
    Removing stm32f1xx_hal_pwr.o(.ARM.exidx), (8 bytes).
    Removing stm32f1xx_hal_pwr.o(.ARM.exidx), (8 bytes).
    Removing stm32f1xx_hal_pwr.o(.ARM.exidx), (8 bytes).
    Removing stm32f1xx_hal_pwr.o(.ARM.exidx), (8 bytes).
    Removing stm32f1xx_hal_uart.o(.rev16_text), (4 bytes).
    Removing stm32f1xx_hal_uart.o(.revsh_text), (4 bytes).
    Removing stm32f1xx_hal_uart.o(.rrx_text), (6 bytes).
    Removing stm32f1xx_hal_uart.o(i.HAL_HalfDuplex_EnableReceiver), (46 bytes).
    Removing stm32f1xx_hal_uart.o(i.HAL_HalfDuplex_EnableTransmitter), (48 bytes).
    Removing stm32f1xx_hal_uart.o(i.HAL_HalfDuplex_Init), (104 bytes).
    Removing stm32f1xx_hal_uart.o(i.HAL_LIN_Init), (118 bytes).
    Removing stm32f1xx_hal_uart.o(i.HAL_LIN_SendBreak), (44 bytes).
    Removing stm32f1xx_hal_uart.o(i.HAL_MultiProcessor_EnterMuteMode), (44 bytes).
    Removing stm32f1xx_hal_uart.o(i.HAL_MultiProcessor_ExitMuteMode), (44 bytes).
    Removing stm32f1xx_hal_uart.o(i.HAL_MultiProcessor_Init), (126 bytes).
    Removing stm32f1xx_hal_uart.o(i.HAL_UART_DMAPause), (90 bytes).
    Removing stm32f1xx_hal_uart.o(i.HAL_UART_DMAResume), (104 bytes).
    Removing stm32f1xx_hal_uart.o(i.HAL_UART_DMAStop), (40 bytes).
    Removing stm32f1xx_hal_uart.o(i.HAL_UART_DeInit), (60 bytes).
    Removing stm32f1xx_hal_uart.o(i.HAL_UART_GetError), (4 bytes).
    Removing stm32f1xx_hal_uart.o(i.HAL_UART_GetState), (6 bytes).
    Removing stm32f1xx_hal_uart.o(i.HAL_UART_MspDeInit), (2 bytes).
    Removing stm32f1xx_hal_uart.o(i.HAL_UART_MspInit), (2 bytes).
    Removing stm32f1xx_hal_uart.o(i.HAL_UART_Receive), (204 bytes).
    Removing stm32f1xx_hal_uart.o(i.HAL_UART_Receive_DMA), (136 bytes).
    Removing stm32f1xx_hal_uart.o(i.HAL_UART_Receive_IT), (106 bytes).
    Removing stm32f1xx_hal_uart.o(i.HAL_UART_RxHalfCpltCallback), (2 bytes).
    Removing stm32f1xx_hal_uart.o(i.HAL_UART_Transmit), (204 bytes).
    Removing stm32f1xx_hal_uart.o(i.HAL_UART_Transmit_DMA), (144 bytes).
    Removing stm32f1xx_hal_uart.o(i.HAL_UART_Transmit_IT), (86 bytes).
    Removing stm32f1xx_hal_uart.o(i.HAL_UART_TxHalfCpltCallback), (2 bytes).
    Removing stm32f1xx_hal_uart.o(i._Z13UART_DMAErrorP19__DMA_HandleTypeDef), (30 bytes).
    Removing stm32f1xx_hal_uart.o(i._Z18UART_DMARxHalfCpltP19__DMA_HandleTypeDef), (10 bytes).
    Removing stm32f1xx_hal_uart.o(i._Z18UART_DMATxHalfCpltP19__DMA_HandleTypeDef), (10 bytes).
    Removing stm32f1xx_hal_uart.o(i._Z19UART_DMAReceiveCpltP19__DMA_HandleTypeDef), (54 bytes).
    Removing stm32f1xx_hal_uart.o(i._Z20UART_DMATransmitCpltP19__DMA_HandleTypeDef), (46 bytes).
    Removing stm32f1xx_hal_uart.o(i._Z27UART_WaitOnFlagUntilTimeoutP18UART_HandleTypeDefj10FlagStatusj), (146 bytes).
    Removing stm32f1xx_hal_uart.o(.ARM.exidx), (8 bytes).
    Removing stm32f1xx_hal_uart.o(.ARM.exidx), (8 bytes).
    Removing stm32f1xx_hal_uart.o(.ARM.exidx), (8 bytes).
    Removing stm32f1xx_hal_uart.o(.ARM.exidx), (8 bytes).
    Removing stm32f1xx_hal_uart.o(.ARM.exidx), (8 bytes).
    Removing stm32f1xx_hal_uart.o(.ARM.exidx), (8 bytes).
    Removing stm32f1xx_hal_uart.o(.ARM.exidx), (8 bytes).
    Removing stm32f1xx_hal_uart.o(.ARM.exidx), (8 bytes).
    Removing stm32f1xx_hal_uart.o(.ARM.exidx), (8 bytes).
    Removing stm32f1xx_hal_uart.o(.ARM.exidx), (8 bytes).
    Removing stm32f1xx_hal_uart.o(.ARM.exidx), (8 bytes).
    Removing stm32f1xx_hal_uart.o(.ARM.exidx), (8 bytes).
    Removing stm32f1xx_hal_uart.o(.ARM.exidx), (8 bytes).
    Removing stm32f1xx_hal_uart.o(.ARM.exidx), (8 bytes).
    Removing stm32f1xx_hal_uart.o(.ARM.exidx), (8 bytes).
    Removing stm32f1xx_hal_uart.o(.ARM.exidx), (8 bytes).
    Removing stm32f1xx_hal_uart.o(.ARM.exidx), (8 bytes).
    Removing stm32f1xx_hal_uart.o(.ARM.exidx), (8 bytes).
    Removing stm32f1xx_hal_uart.o(.ARM.exidx), (8 bytes).
    Removing stm32f1xx_hal_uart.o(.ARM.exidx), (8 bytes).
    Removing stm32f1xx_hal_uart.o(.ARM.exidx), (8 bytes).
    Removing stm32f1xx_hal_uart.o(.ARM.exidx), (8 bytes).
    Removing stm32f1xx_hal_uart.o(.ARM.exidx), (8 bytes).
    Removing stm32f1xx_hal_uart.o(.ARM.exidx), (8 bytes).
    Removing stm32f1xx_hal_uart.o(.ARM.exidx), (8 bytes).
    Removing stm32f1xx_hal_uart.o(.ARM.exidx), (8 bytes).
    Removing stm32f1xx_hal_uart.o(.ARM.exidx), (8 bytes).
    Removing stm32f1xx_hal_uart.o(.ARM.exidx), (8 bytes).
    Removing stm32f1xx_hal_uart.o(.ARM.exidx), (8 bytes).
    Removing stm32f1xx_hal_uart.o(.ARM.exidx), (8 bytes).
    Removing stm32f1xx_hal_uart.o(.ARM.exidx), (8 bytes).
    Removing stm32f1xx_hal_uart.o(.ARM.exidx), (8 bytes).
    Removing stm32f1xx_hal_uart.o(.ARM.exidx), (8 bytes).
    Removing stm32f1xx_hal_uart.o(.ARM.exidx), (8 bytes).
    Removing stm32f1xx_hal_uart.o(.ARM.exidx), (8 bytes).
    Removing stm32f1xx_hal_uart.o(.ARM.exidx), (8 bytes).
    Removing stm32f1xx_hal_uart.o(.ARM.exidx), (8 bytes).
    Removing stm32f1xx_hal_uart.o(.ARM.exidx), (8 bytes).
    Removing stm32f1xx_hal_rtc_ex.o(.rev16_text), (4 bytes).
    Removing stm32f1xx_hal_rtc_ex.o(.revsh_text), (4 bytes).
    Removing stm32f1xx_hal_rtc_ex.o(.rrx_text), (6 bytes).
    Removing stm32f1xx_hal_rtc_ex.o(i.HAL_RTCEx_BKUPRead), (16 bytes).
    Removing stm32f1xx_hal_rtc_ex.o(i.HAL_RTCEx_BKUPWrite), (16 bytes).
    Removing stm32f1xx_hal_rtc_ex.o(i.HAL_RTCEx_DeactivateSecond), (44 bytes).
    Removing stm32f1xx_hal_rtc_ex.o(i.HAL_RTCEx_DeactivateTamper), (76 bytes).
    Removing stm32f1xx_hal_rtc_ex.o(i.HAL_RTCEx_PollForTamper1Event), (72 bytes).
    Removing stm32f1xx_hal_rtc_ex.o(i.HAL_RTCEx_SetSecond_IT), (44 bytes).
    Removing stm32f1xx_hal_rtc_ex.o(i.HAL_RTCEx_SetSmoothCalib), (52 bytes).
    Removing stm32f1xx_hal_rtc_ex.o(i.HAL_RTCEx_SetTamper), (80 bytes).
    Removing stm32f1xx_hal_rtc_ex.o(i.HAL_RTCEx_SetTamper_IT), (92 bytes).
    Removing stm32f1xx_hal_rtc_ex.o(i.HAL_RTCEx_Tamper1EventCallback), (2 bytes).
    Removing stm32f1xx_hal_rtc_ex.o(i.HAL_RTCEx_TamperIRQHandler), (44 bytes).
    Removing stm32f1xx_hal_rtc_ex.o(.ARM.exidx), (8 bytes).
    Removing stm32f1xx_hal_rtc_ex.o(.ARM.exidx), (8 bytes).
    Removing stm32f1xx_hal_rtc_ex.o(.ARM.exidx), (8 bytes).
    Removing stm32f1xx_hal_rtc_ex.o(.ARM.exidx), (8 bytes).
    Removing stm32f1xx_hal_rtc_ex.o(.ARM.exidx), (8 bytes).
    Removing stm32f1xx_hal_rtc_ex.o(.ARM.exidx), (8 bytes).
    Removing stm32f1xx_hal_rtc_ex.o(.ARM.exidx), (8 bytes).
    Removing stm32f1xx_hal_rtc_ex.o(.ARM.exidx), (8 bytes).
    Removing stm32f1xx_hal_rtc_ex.o(.ARM.exidx), (8 bytes).
    Removing stm32f1xx_hal_rtc_ex.o(.ARM.exidx), (8 bytes).
    Removing stm32f1xx_hal_rtc_ex.o(.ARM.exidx), (8 bytes).
    Removing stm32f1xx_hal_rtc_ex.o(.ARM.exidx), (8 bytes).
    Removing stm32f1xx_hal_rtc_ex.o(.ARM.exidx), (8 bytes).
    Removing stm32f1xx_hal_rtc_ex.o(.ARM.exidx), (8 bytes).
    Removing stm32f1xx_hal_rcc.o(.rev16_text), (4 bytes).
    Removing stm32f1xx_hal_rcc.o(.revsh_text), (4 bytes).
    Removing stm32f1xx_hal_rcc.o(.rrx_text), (6 bytes).
    Removing stm32f1xx_hal_rcc.o(i.HAL_RCC_CSSCallback), (2 bytes).
    Removing stm32f1xx_hal_rcc.o(i.HAL_RCC_DeInit), (84 bytes).
    Removing stm32f1xx_hal_rcc.o(i.HAL_RCC_DisableCSS), (28 bytes).
    Removing stm32f1xx_hal_rcc.o(i.HAL_RCC_EnableCSS), (24 bytes).
    Removing stm32f1xx_hal_rcc.o(i.HAL_RCC_GetClockConfig), (64 bytes).
    Removing stm32f1xx_hal_rcc.o(i.HAL_RCC_GetOscConfig), (156 bytes).
    Removing stm32f1xx_hal_rcc.o(i.HAL_RCC_MCOConfig), (72 bytes).
    Removing stm32f1xx_hal_rcc.o(i.HAL_RCC_NMI_IRQHandler), (24 bytes).
    Removing stm32f1xx_hal_rcc.o(.ARM.exidx), (8 bytes).
    Removing stm32f1xx_hal_rcc.o(.ARM.exidx), (8 bytes).
    Removing stm32f1xx_hal_rcc.o(.ARM.exidx), (8 bytes).
    Removing stm32f1xx_hal_rcc.o(.ARM.exidx), (8 bytes).
    Removing stm32f1xx_hal_rcc.o(.ARM.exidx), (8 bytes).
    Removing stm32f1xx_hal_rcc.o(.ARM.exidx), (8 bytes).
    Removing stm32f1xx_hal_rcc.o(.ARM.exidx), (8 bytes).
    Removing stm32f1xx_hal_rcc.o(.ARM.exidx), (8 bytes).
    Removing stm32f1xx_hal_rcc.o(.ARM.exidx), (8 bytes).
    Removing stm32f1xx_hal_rcc.o(.ARM.exidx), (8 bytes).
    Removing stm32f1xx_hal_rcc.o(.ARM.exidx), (8 bytes).
    Removing stm32f1xx_hal_rcc.o(.ARM.exidx), (8 bytes).
    Removing stm32f1xx_hal_rcc.o(.ARM.exidx), (8 bytes).
    Removing stm32f1xx_hal_rcc.o(.ARM.exidx), (8 bytes).
    Removing stm32f1xx_hal_i2c.o(.rev16_text), (4 bytes).
    Removing stm32f1xx_hal_i2c.o(.revsh_text), (4 bytes).
    Removing stm32f1xx_hal_i2c.o(.rrx_text), (6 bytes).
    Removing stm32f1xx_hal_i2c.o(i.HAL_I2C_DeInit), (50 bytes).
    Removing stm32f1xx_hal_i2c.o(i.HAL_I2C_GetError), (4 bytes).
    Removing stm32f1xx_hal_i2c.o(i.HAL_I2C_GetState), (6 bytes).
    Removing stm32f1xx_hal_i2c.o(i.HAL_I2C_IsDeviceReady), (324 bytes).
    Removing stm32f1xx_hal_i2c.o(i.HAL_I2C_Master_Receive), (464 bytes).
    Removing stm32f1xx_hal_i2c.o(i.HAL_I2C_Master_Receive_DMA), (216 bytes).
    Removing stm32f1xx_hal_i2c.o(i.HAL_I2C_Master_Receive_IT), (232 bytes).
    Removing stm32f1xx_hal_i2c.o(i.HAL_I2C_Master_Transmit_DMA), (192 bytes).
    Removing stm32f1xx_hal_i2c.o(i.HAL_I2C_Master_Transmit_IT), (156 bytes).
    Removing stm32f1xx_hal_i2c.o(i.HAL_I2C_Mem_Read), (472 bytes).
    Removing stm32f1xx_hal_i2c.o(i.HAL_I2C_Mem_Read_DMA), (224 bytes).
    Removing stm32f1xx_hal_i2c.o(i.HAL_I2C_Mem_Read_IT), (240 bytes).
    Removing stm32f1xx_hal_i2c.o(i.HAL_I2C_Mem_Write), (248 bytes).
    Removing stm32f1xx_hal_i2c.o(i.HAL_I2C_Mem_Write_DMA), (192 bytes).
    Removing stm32f1xx_hal_i2c.o(i.HAL_I2C_Mem_Write_IT), (160 bytes).
    Removing stm32f1xx_hal_i2c.o(i.HAL_I2C_MspDeInit), (2 bytes).
    Removing stm32f1xx_hal_i2c.o(i.HAL_I2C_MspInit), (2 bytes).
    Removing stm32f1xx_hal_i2c.o(i.HAL_I2C_Slave_Receive), (276 bytes).
    Removing stm32f1xx_hal_i2c.o(i.HAL_I2C_Slave_Receive_DMA), (196 bytes).
    Removing stm32f1xx_hal_i2c.o(i.HAL_I2C_Slave_Receive_IT), (124 bytes).
    Removing stm32f1xx_hal_i2c.o(i.HAL_I2C_Slave_Transmit), (300 bytes).
    Removing stm32f1xx_hal_i2c.o(i.HAL_I2C_Slave_Transmit_DMA), (232 bytes).
    Removing stm32f1xx_hal_i2c.o(i.HAL_I2C_Slave_Transmit_IT), (124 bytes).
    Removing stm32f1xx_hal_i2c.o(i._Z12I2C_DMAErrorP19__DMA_HandleTypeDef), (42 bytes).
    Removing stm32f1xx_hal_i2c.o(i._Z21I2C_DMAMemReceiveCpltP19__DMA_HandleTypeDef), (74 bytes).
    Removing stm32f1xx_hal_i2c.o(i._Z21I2C_MasterRequestReadP17I2C_HandleTypeDeftj), (186 bytes).
    Removing stm32f1xx_hal_i2c.o(i._Z21I2C_RequestMemoryReadP17I2C_HandleTypeDeftttj), (226 bytes).
    Removing stm32f1xx_hal_i2c.o(i._Z22I2C_DMAMemTransmitCpltP19__DMA_HandleTypeDef), (84 bytes).
    Removing stm32f1xx_hal_i2c.o(i._Z22I2C_RequestMemoryWriteP17I2C_HandleTypeDeftttj), (152 bytes).
    Removing stm32f1xx_hal_i2c.o(i._Z23I2C_DMASlaveReceiveCpltP19__DMA_HandleTypeDef), (102 bytes).
    Removing stm32f1xx_hal_i2c.o(i._Z24I2C_DMAMasterReceiveCpltP19__DMA_HandleTypeDef), (74 bytes).
    Removing stm32f1xx_hal_i2c.o(i._Z24I2C_DMASlaveTransmitCpltP19__DMA_HandleTypeDef), (92 bytes).
    Removing stm32f1xx_hal_i2c.o(i._Z25I2C_DMAMasterTransmitCpltP19__DMA_HandleTypeDef), (84 bytes).
    Removing stm32f1xx_hal_i2c.o(i._Z30I2C_WaitOnRXNEFlagUntilTimeoutP17I2C_HandleTypeDefj), (102 bytes).
    Removing stm32f1xx_hal_i2c.o(i._Z30I2C_WaitOnSTOPFlagUntilTimeoutP17I2C_HandleTypeDefj), (76 bytes).
    Removing stm32f1xx_hal_i2c.o(.ARM.exidx), (8 bytes).
    Removing stm32f1xx_hal_i2c.o(.ARM.exidx), (8 bytes).
    Removing stm32f1xx_hal_i2c.o(.ARM.exidx), (8 bytes).
    Removing stm32f1xx_hal_i2c.o(.ARM.exidx), (8 bytes).
    Removing stm32f1xx_hal_i2c.o(.ARM.exidx), (8 bytes).
    Removing stm32f1xx_hal_i2c.o(.ARM.exidx), (8 bytes).
    Removing stm32f1xx_hal_i2c.o(.ARM.exidx), (8 bytes).
    Removing stm32f1xx_hal_i2c.o(.ARM.exidx), (8 bytes).
    Removing stm32f1xx_hal_i2c.o(.ARM.exidx), (8 bytes).
    Removing stm32f1xx_hal_i2c.o(.ARM.exidx), (8 bytes).
    Removing stm32f1xx_hal_i2c.o(.ARM.exidx), (8 bytes).
    Removing stm32f1xx_hal_i2c.o(.ARM.exidx), (8 bytes).
    Removing stm32f1xx_hal_i2c.o(.ARM.exidx), (8 bytes).
    Removing stm32f1xx_hal_i2c.o(.ARM.exidx), (8 bytes).
    Removing stm32f1xx_hal_i2c.o(.ARM.exidx), (8 bytes).
    Removing stm32f1xx_hal_i2c.o(.ARM.exidx), (8 bytes).
    Removing stm32f1xx_hal_i2c.o(.ARM.exidx), (8 bytes).
    Removing stm32f1xx_hal_i2c.o(.ARM.exidx), (8 bytes).
    Removing stm32f1xx_hal_i2c.o(.ARM.exidx), (8 bytes).
    Removing stm32f1xx_hal_i2c.o(.ARM.exidx), (8 bytes).
    Removing stm32f1xx_hal_i2c.o(.ARM.exidx), (8 bytes).
    Removing stm32f1xx_hal_i2c.o(.ARM.exidx), (8 bytes).
    Removing stm32f1xx_hal_i2c.o(.ARM.exidx), (8 bytes).
    Removing stm32f1xx_hal_i2c.o(.ARM.exidx), (8 bytes).
    Removing stm32f1xx_hal_i2c.o(.ARM.exidx), (8 bytes).
    Removing stm32f1xx_hal_i2c.o(.ARM.exidx), (8 bytes).
    Removing stm32f1xx_hal_i2c.o(.ARM.exidx), (8 bytes).
    Removing stm32f1xx_hal_i2c.o(.ARM.exidx), (8 bytes).
    Removing stm32f1xx_hal_i2c.o(.ARM.exidx), (8 bytes).
    Removing stm32f1xx_hal_i2c.o(.ARM.exidx), (8 bytes).
    Removing stm32f1xx_hal_i2c.o(.ARM.exidx), (8 bytes).
    Removing stm32f1xx_hal_i2c.o(.ARM.exidx), (8 bytes).
    Removing stm32f1xx_hal_i2c.o(.ARM.exidx), (8 bytes).
    Removing stm32f1xx_hal_i2c.o(.ARM.exidx), (8 bytes).
    Removing stm32f1xx_hal_i2c.o(.ARM.exidx), (8 bytes).
    Removing stm32f1xx_hal_i2c.o(.ARM.exidx), (8 bytes).
    Removing stm32f1xx_hal_i2c.o(.ARM.exidx), (8 bytes).
    Removing stm32f1xx_hal_i2c.o(.ARM.exidx), (8 bytes).
    Removing stm32f1xx_hal_i2c.o(.ARM.exidx), (8 bytes).
    Removing stm32f1xx_hal_i2c.o(.ARM.exidx), (8 bytes).
    Removing stm32f1xx_hal_i2c.o(.ARM.exidx), (8 bytes).
    Removing stm32f1xx_hal_i2c.o(.ARM.exidx), (8 bytes).
    Removing stm32f1xx_hal_i2c.o(.ARM.exidx), (8 bytes).
    Removing stm32f1xx_hal_i2c.o(.ARM.exidx), (8 bytes).
    Removing stm32f1xx_hal_i2c.o(.ARM.exidx), (8 bytes).
    Removing stm32f1xx_hal_i2c.o(.ARM.exidx), (8 bytes).
    Removing stm32f1xx_hal_i2c.o(.ARM.exidx), (8 bytes).
    Removing stm32f1xx_hal_i2c.o(.ARM.exidx), (8 bytes).
    Removing stm32f1xx_hal_i2c.o(.ARM.exidx), (8 bytes).
    Removing stm32f1xx_hal_i2c.o(.ARM.exidx), (8 bytes).
    Removing stm32f1xx_hal_i2c.o(.ARM.exidx), (8 bytes).
    Removing stm32f1xx_hal_i2c.o(.ARM.exidx), (8 bytes).
    Removing stm32f1xx_hal_i2c.o(.ARM.exidx), (8 bytes).
    Removing stm32f1xx_hal.o(.rev16_text), (4 bytes).
    Removing stm32f1xx_hal.o(.revsh_text), (4 bytes).
    Removing stm32f1xx_hal.o(.rrx_text), (6 bytes).
    Removing stm32f1xx_hal.o(i.HAL_DBGMCU_DisableDBGSleepMode), (16 bytes).
    Removing stm32f1xx_hal.o(i.HAL_DBGMCU_DisableDBGStandbyMode), (16 bytes).
    Removing stm32f1xx_hal.o(i.HAL_DBGMCU_DisableDBGStopMode), (16 bytes).
    Removing stm32f1xx_hal.o(i.HAL_DBGMCU_EnableDBGSleepMode), (16 bytes).
    Removing stm32f1xx_hal.o(i.HAL_DBGMCU_EnableDBGStandbyMode), (16 bytes).
    Removing stm32f1xx_hal.o(i.HAL_DBGMCU_EnableDBGStopMode), (16 bytes).
    Removing stm32f1xx_hal.o(i.HAL_DeInit), (32 bytes).
    Removing stm32f1xx_hal.o(i.HAL_GetDEVID), (16 bytes).
    Removing stm32f1xx_hal.o(i.HAL_GetHalVersion), (8 bytes).
    Removing stm32f1xx_hal.o(i.HAL_GetREVID), (28 bytes).
    Removing stm32f1xx_hal.o(i.HAL_MspDeInit), (2 bytes).
    Removing stm32f1xx_hal.o(i.HAL_MspInit), (2 bytes).
    Removing stm32f1xx_hal.o(i.HAL_ResumeTick), (14 bytes).
    Removing stm32f1xx_hal.o(i.HAL_SuspendTick), (14 bytes).
    Removing stm32f1xx_hal.o(.ARM.exidx), (8 bytes).
    Removing stm32f1xx_hal.o(.ARM.exidx), (8 bytes).
    Removing stm32f1xx_hal.o(.ARM.exidx), (8 bytes).
    Removing stm32f1xx_hal.o(.ARM.exidx), (8 bytes).
    Removing stm32f1xx_hal.o(.ARM.exidx), (8 bytes).
    Removing stm32f1xx_hal.o(.ARM.exidx), (8 bytes).
    Removing stm32f1xx_hal.o(.ARM.exidx), (8 bytes).
    Removing stm32f1xx_hal.o(.ARM.exidx), (8 bytes).
    Removing stm32f1xx_hal.o(.ARM.exidx), (8 bytes).
    Removing stm32f1xx_hal.o(.ARM.exidx), (8 bytes).
    Removing stm32f1xx_hal.o(.ARM.exidx), (8 bytes).
    Removing stm32f1xx_hal.o(.ARM.exidx), (8 bytes).
    Removing stm32f1xx_hal.o(.ARM.exidx), (8 bytes).
    Removing stm32f1xx_hal.o(.ARM.exidx), (8 bytes).
    Removing stm32f1xx_hal.o(.ARM.exidx), (8 bytes).
    Removing stm32f1xx_hal.o(.ARM.exidx), (8 bytes).
    Removing stm32f1xx_hal.o(.ARM.exidx), (8 bytes).
    Removing stm32f1xx_hal.o(.ARM.exidx), (8 bytes).
    Removing stm32f1xx_hal.o(.ARM.exidx), (8 bytes).
    Removing stm32f1xx_hal_dma.o(.rev16_text), (4 bytes).
    Removing stm32f1xx_hal_dma.o(.revsh_text), (4 bytes).
    Removing stm32f1xx_hal_dma.o(.rrx_text), (6 bytes).
    Removing stm32f1xx_hal_dma.o(i.HAL_DMA_Abort), (86 bytes).
    Removing stm32f1xx_hal_dma.o(i.HAL_DMA_DeInit), (296 bytes).
    Removing stm32f1xx_hal_dma.o(i.HAL_DMA_GetError), (4 bytes).
    Removing stm32f1xx_hal_dma.o(i.HAL_DMA_GetState), (6 bytes).
    Removing stm32f1xx_hal_dma.o(i.HAL_DMA_IRQHandler), (620 bytes).
    Removing stm32f1xx_hal_dma.o(i.HAL_DMA_Init), (80 bytes).
    Removing stm32f1xx_hal_dma.o(i.HAL_DMA_PollForTransfer), (572 bytes).
    Removing stm32f1xx_hal_dma.o(i.HAL_DMA_Start), (58 bytes).
    Removing stm32f1xx_hal_dma.o(i.HAL_DMA_Start_IT), (88 bytes).
    Removing stm32f1xx_hal_dma.o(i._Z13DMA_SetConfigP19__DMA_HandleTypeDefjjj), (30 bytes).
    Removing stm32f1xx_hal_dma.o(.ARM.exidx), (8 bytes).
    Removing stm32f1xx_hal_dma.o(.ARM.exidx), (8 bytes).
    Removing stm32f1xx_hal_dma.o(.ARM.exidx), (8 bytes).
    Removing stm32f1xx_hal_dma.o(.ARM.exidx), (8 bytes).
    Removing stm32f1xx_hal_dma.o(.ARM.exidx), (8 bytes).
    Removing stm32f1xx_hal_dma.o(.ARM.exidx), (8 bytes).
    Removing stm32f1xx_hal_dma.o(.ARM.exidx), (8 bytes).
    Removing stm32f1xx_hal_dma.o(.ARM.exidx), (8 bytes).
    Removing stm32f1xx_hal_dma.o(.ARM.exidx), (8 bytes).
    Removing stm32f1xx_hal_dma.o(.ARM.exidx), (8 bytes).
    Removing startup_stm32f103xb.o(HEAP), (512 bytes).
    Removing main.o(.rev16_text), (4 bytes).
    Removing main.o(.revsh_text), (4 bytes).
    Removing main.o(.rrx_text), (6 bytes).
    Removing main.o(.ARM.exidx), (8 bytes).
    Removing main.o(.ARM.exidx), (8 bytes).
    Removing main.o(.ARM.exidx), (8 bytes).
    Removing gpio.o(.rev16_text), (4 bytes).
    Removing gpio.o(.revsh_text), (4 bytes).
    Removing gpio.o(.rrx_text), (6 bytes).
    Removing gpio.o(.ARM.exidx), (8 bytes).
    Removing stm32f1xx_it.o(.rev16_text), (4 bytes).
    Removing stm32f1xx_it.o(.revsh_text), (4 bytes).
    Removing stm32f1xx_it.o(.rrx_text), (6 bytes).
    Removing stm32f1xx_it.o(.ARM.exidx), (8 bytes).
    Removing stm32f1xx_it.o(.ARM.exidx), (8 bytes).
    Removing stm32f1xx_it.o(.ARM.exidx), (8 bytes).
    Removing stm32f1xx_it.o(.ARM.exidx), (8 bytes).
    Removing stm32f1xx_it.o(.ARM.exidx), (8 bytes).
    Removing stm32f1xx_it.o(.ARM.exidx), (8 bytes).
    Removing stm32f1xx_it.o(.ARM.exidx), (8 bytes).
    Removing stm32f1xx_it.o(.ARM.exidx), (8 bytes).
    Removing stm32f1xx_it.o(.ARM.exidx), (8 bytes).
    Removing stm32f1xx_it.o(.ARM.exidx), (8 bytes).
    Removing stm32f1xx_it.o(.ARM.exidx), (8 bytes).
    Removing stm32f1xx_it.o(.ARM.exidx), (8 bytes).
    Removing stm32f1xx_it.o(.ARM.exidx), (8 bytes).
    Removing stm32f1xx_it.o(.ARM.exidx), (8 bytes).
    Removing i2c.o(.rev16_text), (4 bytes).
    Removing i2c.o(.revsh_text), (4 bytes).
    Removing i2c.o(.rrx_text), (6 bytes).
    Removing i2c.o(i.HAL_I2C_MspDeInit), (60 bytes).
    Removing i2c.o(.ARM.exidx), (8 bytes).
    Removing i2c.o(.ARM.exidx), (8 bytes).
    Removing i2c.o(.ARM.exidx), (8 bytes).
    Removing rtc.o(.rev16_text), (4 bytes).
    Removing rtc.o(.revsh_text), (4 bytes).
    Removing rtc.o(.rrx_text), (6 bytes).
    Removing rtc.o(i.HAL_RTC_MspDeInit), (48 bytes).
    Removing rtc.o(.ARM.exidx), (8 bytes).
    Removing rtc.o(.ARM.exidx), (8 bytes).
    Removing rtc.o(.ARM.exidx), (8 bytes).
    Removing stm32f1xx_hal_msp.o(.rev16_text), (4 bytes).
    Removing stm32f1xx_hal_msp.o(.revsh_text), (4 bytes).
    Removing stm32f1xx_hal_msp.o(.rrx_text), (6 bytes).
    Removing stm32f1xx_hal_msp.o(.ARM.exidx), (8 bytes).
    Removing usart.o(.rev16_text), (4 bytes).
    Removing usart.o(.revsh_text), (4 bytes).
    Removing usart.o(.rrx_text), (6 bytes).
    Removing usart.o(i.HAL_UART_MspDeInit), (84 bytes).
    Removing usart.o(.ARM.exidx), (8 bytes).
    Removing usart.o(.ARM.exidx), (8 bytes).
    Removing usart.o(.ARM.exidx), (8 bytes).
    Removing usart.o(.ARM.exidx), (8 bytes).
    Removing lcd.o(.rev16_text), (4 bytes).
    Removing lcd.o(.revsh_text), (4 bytes).
    Removing lcd.o(.rrx_text), (6 bytes).
    Removing lcd.o(.ARM.exidx), (8 bytes).
    Removing lcd.o(.ARM.exidx), (8 bytes).
    Removing lcd.o(.ARM.exidx), (8 bytes).
    Removing lcd.o(.ARM.exidx), (8 bytes).
    Removing lcd.o(.ARM.exidx), (8 bytes).
    Removing lcd.o(.ARM.exidx), (8 bytes).
    Removing lcd.o(.ARM.exidx), (8 bytes).
    Removing lcd.o(.ARM.exidx), (8 bytes).
    Removing lcd.o(.ARM.exidx), (8 bytes).
    Removing lcd.o(.bss), (100 bytes).
    Removing stm32_tm1637.o(.rev16_text), (4 bytes).
    Removing stm32_tm1637.o(.revsh_text), (4 bytes).
    Removing stm32_tm1637.o(.rrx_text), (6 bytes).
    Removing stm32_tm1637.o(i.tm1637DisplayHex), (116 bytes).
    Removing stm32_tm1637.o(.ARM.exidx), (8 bytes).
    Removing stm32_tm1637.o(.ARM.exidx), (8 bytes).
    Removing stm32_tm1637.o(.ARM.exidx), (8 bytes).
    Removing stm32_tm1637.o(.ARM.exidx), (8 bytes).
    Removing stm32_tm1637.o(.ARM.exidx), (8 bytes).
    Removing stm32_tm1637.o(.ARM.exidx), (8 bytes).
    Removing stm32_tm1637.o(.ARM.exidx), (8 bytes).
    Removing stm32_tm1637.o(.ARM.exidx), (8 bytes).
    Removing stm32_tm1637.o(.ARM.exidx), (8 bytes).
    Removing stm32_tm1637.o(.ARM.exidx), (8 bytes).
    Removing stm32_tm1637.o(.ARM.exidx), (8 bytes).
    Removing stm32_tm1637.o(.ARM.exidx), (8 bytes).
    Removing stm32_tm1637.o(.ARM.exidx), (8 bytes).
    Removing system_stm32f1xx.o(.rev16_text), (4 bytes).
    Removing system_stm32f1xx.o(.revsh_text), (4 bytes).
    Removing system_stm32f1xx.o(.rrx_text), (6 bytes).
    Removing system_stm32f1xx.o(i.SystemCoreClockUpdate), (104 bytes).
    Removing system_stm32f1xx.o(.ARM.exidx), (8 bytes).
    Removing system_stm32f1xx.o(.ARM.exidx), (8 bytes).
    Removing dadd.o(.text), (334 bytes).
    Removing dmul.o(.text), (228 bytes).
    Removing ddiv.o(.text), (222 bytes).
    Removing dfixul.o(.text), (48 bytes).
    Removing cdrcmple.o(.text), (48 bytes).
    Removing depilogue.o(.text), (186 bytes).

586 unused section(s) (total 20854 bytes) removed from the image.

==============================================================================

Image Symbol Table

    Local Symbols

    Symbol Name                              Value     Ov Type        Size  Object(Section)

    ../Drivers/STM32F1xx_HAL_Driver/Src/stm32f1xx_hal.c 0x00000000   Number         0  stm32f1xx_hal.o ABSOLUTE
    ../Drivers/STM32F1xx_HAL_Driver/Src/stm32f1xx_hal_cortex.c 0x00000000   Number         0  stm32f1xx_hal_cortex.o ABSOLUTE
    ../Drivers/STM32F1xx_HAL_Driver/Src/stm32f1xx_hal_dma.c 0x00000000   Number         0  stm32f1xx_hal_dma.o ABSOLUTE
    ../Drivers/STM32F1xx_HAL_Driver/Src/stm32f1xx_hal_flash.c 0x00000000   Number         0  stm32f1xx_hal_flash.o ABSOLUTE
    ../Drivers/STM32F1xx_HAL_Driver/Src/stm32f1xx_hal_flash_ex.c 0x00000000   Number         0  stm32f1xx_hal_flash_ex.o ABSOLUTE
    ../Drivers/STM32F1xx_HAL_Driver/Src/stm32f1xx_hal_gpio.c 0x00000000   Number         0  stm32f1xx_hal_gpio.o ABSOLUTE
    ../Drivers/STM32F1xx_HAL_Driver/Src/stm32f1xx_hal_gpio_ex.c 0x00000000   Number         0  stm32f1xx_hal_gpio_ex.o ABSOLUTE
    ../Drivers/STM32F1xx_HAL_Driver/Src/stm32f1xx_hal_i2c.c 0x00000000   Number         0  stm32f1xx_hal_i2c.o ABSOLUTE
    ../Drivers/STM32F1xx_HAL_Driver/Src/stm32f1xx_hal_pwr.c 0x00000000   Number         0  stm32f1xx_hal_pwr.o ABSOLUTE
    ../Drivers/STM32F1xx_HAL_Driver/Src/stm32f1xx_hal_rcc.c 0x00000000   Number         0  stm32f1xx_hal_rcc.o ABSOLUTE
    ../Drivers/STM32F1xx_HAL_Driver/Src/stm32f1xx_hal_rcc_ex.c 0x00000000   Number         0  stm32f1xx_hal_rcc_ex.o ABSOLUTE
    ../Drivers/STM32F1xx_HAL_Driver/Src/stm32f1xx_hal_rtc.c 0x00000000   Number         0  stm32f1xx_hal_rtc.o ABSOLUTE
    ../Drivers/STM32F1xx_HAL_Driver/Src/stm32f1xx_hal_rtc_ex.c 0x00000000   Number         0  stm32f1xx_hal_rtc_ex.o ABSOLUTE
    ../Drivers/STM32F1xx_HAL_Driver/Src/stm32f1xx_hal_tim.c 0x00000000   Number         0  stm32f1xx_hal_tim.o ABSOLUTE
    ../Drivers/STM32F1xx_HAL_Driver/Src/stm32f1xx_hal_tim_ex.c 0x00000000   Number         0  stm32f1xx_hal_tim_ex.o ABSOLUTE
    ../Drivers/STM32F1xx_HAL_Driver/Src/stm32f1xx_hal_uart.c 0x00000000   Number         0  stm32f1xx_hal_uart.o ABSOLUTE
    ../Src/gpio.c                            0x00000000   Number         0  gpio.o ABSOLUTE
    ../Src/i2c.c                             0x00000000   Number         0  i2c.o ABSOLUTE
    ../Src/main.cpp                          0x00000000   Number         0  main.o ABSOLUTE
    ../Src/rtc.c                             0x00000000   Number         0  rtc.o ABSOLUTE
    ../Src/stm32f1xx_hal_msp.c               0x00000000   Number         0  stm32f1xx_hal_msp.o ABSOLUTE
    ../Src/stm32f1xx_it.c                    0x00000000   Number         0  stm32f1xx_it.o ABSOLUTE
    ../Src/system_stm32f1xx.c                0x00000000   Number         0  system_stm32f1xx.o ABSOLUTE
    ../Src/usart.c                           0x00000000   Number         0  usart.o ABSOLUTE
    ../clib/microlib/division.c              0x00000000   Number         0  uldiv.o ABSOLUTE
    ../clib/microlib/division.c              0x00000000   Number         0  uidiv.o ABSOLUTE
    ../clib/microlib/init/entry.s            0x00000000   Number         0  entry10a.o ABSOLUTE
    ../clib/microlib/init/entry.s            0x00000000   Number         0  entry11a.o ABSOLUTE
    ../clib/microlib/init/entry.s            0x00000000   Number         0  entry.o ABSOLUTE
    ../clib/microlib/init/entry.s            0x00000000   Number         0  entry8b.o ABSOLUTE
    ../clib/microlib/init/entry.s            0x00000000   Number         0  entry11b.o ABSOLUTE
    ../clib/microlib/init/entry.s            0x00000000   Number         0  entry9b.o ABSOLUTE
    ../clib/microlib/init/entry.s            0x00000000   Number         0  entry9a.o ABSOLUTE
    ../clib/microlib/init/entry.s            0x00000000   Number         0  entry8a.o ABSOLUTE
    ../clib/microlib/init/entry.s            0x00000000   Number         0  entry7b.o ABSOLUTE
    ../clib/microlib/init/entry.s            0x00000000   Number         0  entry7a.o ABSOLUTE
    ../clib/microlib/init/entry.s            0x00000000   Number         0  entry5.o ABSOLUTE
    ../clib/microlib/init/entry.s            0x00000000   Number         0  entry2.o ABSOLUTE
    ../clib/microlib/init/entry.s            0x00000000   Number         0  entry10b.o ABSOLUTE
    ../clib/microlib/longlong.c              0x00000000   Number         0  llsshr.o ABSOLUTE
    ../clib/microlib/longlong.c              0x00000000   Number         0  llshl.o ABSOLUTE
    ../clib/microlib/longlong.c              0x00000000   Number         0  llushr.o ABSOLUTE
    ../clib/microlib/printf/printf.c         0x00000000   Number         0  printf1.o ABSOLUTE
    ../clib/microlib/printf/printf.c         0x00000000   Number         0  printf3.o ABSOLUTE
    ../clib/microlib/printf/printf.c         0x00000000   Number         0  printf2.o ABSOLUTE
    ../clib/microlib/printf/printf.c         0x00000000   Number         0  printf5.o ABSOLUTE
    ../clib/microlib/printf/printf.c         0x00000000   Number         0  printfa.o ABSOLUTE
    ../clib/microlib/printf/printf.c         0x00000000   Number         0  printf0.o ABSOLUTE
    ../clib/microlib/printf/printf.c         0x00000000   Number         0  printf8.o ABSOLUTE
    ../clib/microlib/printf/printf.c         0x00000000   Number         0  printf7.o ABSOLUTE
    ../clib/microlib/printf/printf.c         0x00000000   Number         0  printf6.o ABSOLUTE
    ../clib/microlib/printf/printf.c         0x00000000   Number         0  printfb.o ABSOLUTE
    ../clib/microlib/printf/printf.c         0x00000000   Number         0  printf4.o ABSOLUTE
    ../clib/microlib/stdio/fputc.c           0x00000000   Number         0  fputc.o ABSOLUTE
    ../clib/microlib/stdio/semi.s            0x00000000   Number         0  semi.o ABSOLUTE
    ../clib/microlib/stdio/streams.c         0x00000000   Number         0  stdout.o ABSOLUTE
    ../clib/microlib/stubs.s                 0x00000000   Number         0  iusesemip.o ABSOLUTE
    ../clib/microlib/stubs.s                 0x00000000   Number         0  iusefp.o ABSOLUTE
    ../fplib/microlib/fpadd.c                0x00000000   Number         0  dadd.o ABSOLUTE
    ../fplib/microlib/fpdiv.c                0x00000000   Number         0  ddiv.o ABSOLUTE
    ../fplib/microlib/fpepilogue.c           0x00000000   Number         0  depilogue.o ABSOLUTE
    ../fplib/microlib/fpfix.c                0x00000000   Number         0  dfixul.o ABSOLUTE
    ../fplib/microlib/fpmul.c                0x00000000   Number         0  dmul.o ABSOLUTE
    ..\Drivers\STM32F1xx_HAL_Driver\Src\stm32f1xx_hal.c 0x00000000   Number         0  stm32f1xx_hal.o ABSOLUTE
    ..\Drivers\STM32F1xx_HAL_Driver\Src\stm32f1xx_hal_cortex.c 0x00000000   Number         0  stm32f1xx_hal_cortex.o ABSOLUTE
    ..\Drivers\STM32F1xx_HAL_Driver\Src\stm32f1xx_hal_dma.c 0x00000000   Number         0  stm32f1xx_hal_dma.o ABSOLUTE
    ..\Drivers\STM32F1xx_HAL_Driver\Src\stm32f1xx_hal_flash.c 0x00000000   Number         0  stm32f1xx_hal_flash.o ABSOLUTE
    ..\Drivers\STM32F1xx_HAL_Driver\Src\stm32f1xx_hal_flash_ex.c 0x00000000   Number         0  stm32f1xx_hal_flash_ex.o ABSOLUTE
    ..\Drivers\STM32F1xx_HAL_Driver\Src\stm32f1xx_hal_gpio.c 0x00000000   Number         0  stm32f1xx_hal_gpio.o ABSOLUTE
    ..\Drivers\STM32F1xx_HAL_Driver\Src\stm32f1xx_hal_gpio_ex.c 0x00000000   Number         0  stm32f1xx_hal_gpio_ex.o ABSOLUTE
    ..\Drivers\STM32F1xx_HAL_Driver\Src\stm32f1xx_hal_i2c.c 0x00000000   Number         0  stm32f1xx_hal_i2c.o ABSOLUTE
    ..\Drivers\STM32F1xx_HAL_Driver\Src\stm32f1xx_hal_pwr.c 0x00000000   Number         0  stm32f1xx_hal_pwr.o ABSOLUTE
    ..\Drivers\STM32F1xx_HAL_Driver\Src\stm32f1xx_hal_rcc.c 0x00000000   Number         0  stm32f1xx_hal_rcc.o ABSOLUTE
    ..\Drivers\STM32F1xx_HAL_Driver\Src\stm32f1xx_hal_rcc_ex.c 0x00000000   Number         0  stm32f1xx_hal_rcc_ex.o ABSOLUTE
    ..\Drivers\STM32F1xx_HAL_Driver\Src\stm32f1xx_hal_rtc.c 0x00000000   Number         0  stm32f1xx_hal_rtc.o ABSOLUTE
    ..\Drivers\STM32F1xx_HAL_Driver\Src\stm32f1xx_hal_rtc_ex.c 0x00000000   Number         0  stm32f1xx_hal_rtc_ex.o ABSOLUTE
    ..\Drivers\STM32F1xx_HAL_Driver\Src\stm32f1xx_hal_tim.c 0x00000000   Number         0  stm32f1xx_hal_tim.o ABSOLUTE
    ..\Drivers\STM32F1xx_HAL_Driver\Src\stm32f1xx_hal_tim_ex.c 0x00000000   Number         0  stm32f1xx_hal_tim_ex.o ABSOLUTE
    ..\Drivers\STM32F1xx_HAL_Driver\Src\stm32f1xx_hal_uart.c 0x00000000   Number         0  stm32f1xx_hal_uart.o ABSOLUTE
    ..\Src\gpio.c                            0x00000000   Number         0  gpio.o ABSOLUTE
    ..\Src\i2c.c                             0x00000000   Number         0  i2c.o ABSOLUTE
    ..\Src\lcd.c                             0x00000000   Number         0  lcd.o ABSOLUTE
    ..\Src\main.cpp                          0x00000000   Number         0  main.o ABSOLUTE
    ..\Src\rtc.c                             0x00000000   Number         0  rtc.o ABSOLUTE
    ..\Src\stm32_tm1637.c                    0x00000000   Number         0  stm32_tm1637.o ABSOLUTE
    ..\Src\stm32f1xx_hal_msp.c               0x00000000   Number         0  stm32f1xx_hal_msp.o ABSOLUTE
    ..\Src\stm32f1xx_it.c                    0x00000000   Number         0  stm32f1xx_it.o ABSOLUTE
    ..\Src\system_stm32f1xx.c                0x00000000   Number         0  system_stm32f1xx.o ABSOLUTE
    ..\Src\usart.c                           0x00000000   Number         0  usart.o ABSOLUTE
    ..\\Src\\lcd.c                           0x00000000   Number         0  lcd.o ABSOLUTE
    ..\\Src\\stm32_tm1637.c                  0x00000000   Number         0  stm32_tm1637.o ABSOLUTE
    MyAstCpp.cpp                             0x00000000   Number         0  myastcpp.o ABSOLUTE
    cdrcmple.s                               0x00000000   Number         0  cdrcmple.o ABSOLUTE
    dc.s                                     0x00000000   Number         0  dc.o ABSOLUTE
    handlers.s                               0x00000000   Number         0  handlers.o ABSOLUTE
    init.s                                   0x00000000   Number         0  init.o ABSOLUTE
    startup_stm32f103xb.s                    0x00000000   Number         0  startup_stm32f103xb.o ABSOLUTE
    RESET                                    0x08000000   Section      236  startup_stm32f103xb.o(RESET)
    .ARM.Collect$$$$00000000                 0x080000ec   Section        0  entry.o(.ARM.Collect$$$$00000000)
    .ARM.Collect$$$$00000001                 0x080000ec   Section        4  entry2.o(.ARM.Collect$$$$00000001)
    .ARM.Collect$$$$00000004                 0x080000f0   Section        4  entry5.o(.ARM.Collect$$$$00000004)
    .ARM.Collect$$$$00000008                 0x080000f4   Section        0  entry7b.o(.ARM.Collect$$$$00000008)
    .ARM.Collect$$$$0000000A                 0x080000f4   Section        0  entry8b.o(.ARM.Collect$$$$0000000A)
    .ARM.Collect$$$$0000000B                 0x080000f4   Section        8  entry9a.o(.ARM.Collect$$$$0000000B)
    .ARM.Collect$$$$0000000D                 0x080000fc   Section        0  entry10a.o(.ARM.Collect$$$$0000000D)
    .ARM.Collect$$$$0000000F                 0x080000fc   Section        0  entry11a.o(.ARM.Collect$$$$0000000F)
    .ARM.Collect$$$$00002712                 0x080000fc   Section        4  entry2.o(.ARM.Collect$$$$00002712)
    __lit__00000000                          0x080000fc   Data           4  entry2.o(.ARM.Collect$$$$00002712)
    .text                                    0x08000100   Section       36  startup_stm32f103xb.o(.text)
    .text                                    0x08000124   Section       36  init.o(.text)
    i.BusFault_Handler                       0x08000148   Section        0  stm32f1xx_it.o(i.BusFault_Handler)
    i.DebugMon_Handler                       0x0800014a   Section        0  stm32f1xx_it.o(i.DebugMon_Handler)
    i.Error_Handler                          0x0800014c   Section        0  main.o(i.Error_Handler)
    i.HAL_Delay                              0x0800014e   Section        0  stm32f1xx_hal.o(i.HAL_Delay)
    i.HAL_GPIO_Init                          0x08000164   Section        0  stm32f1xx_hal_gpio.o(i.HAL_GPIO_Init)
    i.HAL_GPIO_WritePin                      0x08000320   Section        0  stm32f1xx_hal_gpio.o(i.HAL_GPIO_WritePin)
    i.HAL_GetTick                            0x0800032c   Section        0  stm32f1xx_hal.o(i.HAL_GetTick)
    i.HAL_I2C_ER_IRQHandler                  0x08000338   Section        0  stm32f1xx_hal_i2c.o(i.HAL_I2C_ER_IRQHandler)
    i.HAL_I2C_EV_IRQHandler                  0x08000432   Section        0  stm32f1xx_hal_i2c.o(i.HAL_I2C_EV_IRQHandler)
    i.HAL_I2C_ErrorCallback                  0x080005ba   Section        0  stm32f1xx_hal_i2c.o(i.HAL_I2C_ErrorCallback)
    i.HAL_I2C_Init                           0x080005bc   Section        0  stm32f1xx_hal_i2c.o(i.HAL_I2C_Init)
    i.HAL_I2C_MasterRxCpltCallback           0x0800069c   Section        0  stm32f1xx_hal_i2c.o(i.HAL_I2C_MasterRxCpltCallback)
    i.HAL_I2C_MasterTxCpltCallback           0x0800069e   Section        0  stm32f1xx_hal_i2c.o(i.HAL_I2C_MasterTxCpltCallback)
    i.HAL_I2C_Master_Transmit                0x080006a0   Section        0  stm32f1xx_hal_i2c.o(i.HAL_I2C_Master_Transmit)
    i.HAL_I2C_MemRxCpltCallback              0x080007cc   Section        0  stm32f1xx_hal_i2c.o(i.HAL_I2C_MemRxCpltCallback)
    i.HAL_I2C_MemTxCpltCallback              0x080007ce   Section        0  stm32f1xx_hal_i2c.o(i.HAL_I2C_MemTxCpltCallback)
    i.HAL_I2C_MspInit                        0x080007d0   Section        0  i2c.o(i.HAL_I2C_MspInit)
    i.HAL_I2C_SlaveRxCpltCallback            0x08000834   Section        0  stm32f1xx_hal_i2c.o(i.HAL_I2C_SlaveRxCpltCallback)
    i.HAL_I2C_SlaveTxCpltCallback            0x08000836   Section        0  stm32f1xx_hal_i2c.o(i.HAL_I2C_SlaveTxCpltCallback)
    i.HAL_IncTick                            0x08000838   Section        0  stm32f1xx_hal.o(i.HAL_IncTick)
    i.HAL_Init                               0x08000848   Section        0  stm32f1xx_hal.o(i.HAL_Init)
    i.HAL_InitTick                           0x0800086c   Section        0  stm32f1xx_hal.o(i.HAL_InitTick)
    i.HAL_MspInit                            0x08000890   Section        0  stm32f1xx_hal_msp.o(i.HAL_MspInit)
    i.HAL_NVIC_EnableIRQ                     0x08000910   Section        0  stm32f1xx_hal_cortex.o(i.HAL_NVIC_EnableIRQ)
    i.HAL_NVIC_SetPriority                   0x08000928   Section        0  stm32f1xx_hal_cortex.o(i.HAL_NVIC_SetPriority)
    i.HAL_NVIC_SetPriorityGrouping           0x08000968   Section        0  stm32f1xx_hal_cortex.o(i.HAL_NVIC_SetPriorityGrouping)
    i.HAL_PWR_EnableBkUpAccess               0x0800098c   Section        0  stm32f1xx_hal_pwr.o(i.HAL_PWR_EnableBkUpAccess)
    i.HAL_RCCEx_GetPeriphCLKFreq             0x080009a4   Section        0  stm32f1xx_hal_rcc_ex.o(i.HAL_RCCEx_GetPeriphCLKFreq)
    i.HAL_RCCEx_PeriphCLKConfig              0x08000a94   Section        0  stm32f1xx_hal_rcc_ex.o(i.HAL_RCCEx_PeriphCLKConfig)
    i.HAL_RCC_ClockConfig                    0x08000bc0   Section        0  stm32f1xx_hal_rcc.o(i.HAL_RCC_ClockConfig)
    i.HAL_RCC_GetHCLKFreq                    0x08000d48   Section        0  stm32f1xx_hal_rcc.o(i.HAL_RCC_GetHCLKFreq)
    i.HAL_RCC_GetPCLK1Freq                   0x08000d54   Section        0  stm32f1xx_hal_rcc.o(i.HAL_RCC_GetPCLK1Freq)
    i.HAL_RCC_GetPCLK2Freq                   0x08000d84   Section        0  stm32f1xx_hal_rcc.o(i.HAL_RCC_GetPCLK2Freq)
    i.HAL_RCC_GetSysClockFreq                0x08000db4   Section        0  stm32f1xx_hal_rcc.o(i.HAL_RCC_GetSysClockFreq)
    i.HAL_RCC_OscConfig                      0x08000e3c   Section        0  stm32f1xx_hal_rcc.o(i.HAL_RCC_OscConfig)
    i.HAL_RTCEx_RTCEventCallback             0x080013ba   Section        0  stm32f1xx_hal_rtc_ex.o(i.HAL_RTCEx_RTCEventCallback)
    i.HAL_RTCEx_RTCEventErrorCallback        0x080013bc   Section        0  stm32f1xx_hal_rtc_ex.o(i.HAL_RTCEx_RTCEventErrorCallback)
    i.HAL_RTCEx_RTCIRQHandler                0x080013be   Section        0  stm32f1xx_hal_rtc_ex.o(i.HAL_RTCEx_RTCIRQHandler)
    i.HAL_RTC_Init                           0x080013fc   Section        0  stm32f1xx_hal_rtc.o(i.HAL_RTC_Init)
    i.HAL_RTC_MspInit                        0x0800149c   Section        0  rtc.o(i.HAL_RTC_MspInit)
    i.HAL_RTC_WaitForSynchro                 0x080014f4   Section        0  stm32f1xx_hal_rtc.o(i.HAL_RTC_WaitForSynchro)
    i.HAL_SYSTICK_CLKSourceConfig            0x0800152e   Section        0  stm32f1xx_hal_cortex.o(i.HAL_SYSTICK_CLKSourceConfig)
    i.HAL_SYSTICK_Callback                   0x08001546   Section        0  stm32f1xx_hal_cortex.o(i.HAL_SYSTICK_Callback)
    i.HAL_SYSTICK_Config                     0x08001548   Section        0  stm32f1xx_hal_cortex.o(i.HAL_SYSTICK_Config)
    i.HAL_SYSTICK_IRQHandler                 0x08001570   Section        0  stm32f1xx_hal_cortex.o(i.HAL_SYSTICK_IRQHandler)
    i.HAL_UART_ErrorCallback                 0x08001578   Section        0  stm32f1xx_hal_uart.o(i.HAL_UART_ErrorCallback)
    i.HAL_UART_IRQHandler                    0x0800157c   Section        0  stm32f1xx_hal_uart.o(i.HAL_UART_IRQHandler)
    i.HAL_UART_Init                          0x08001656   Section        0  stm32f1xx_hal_uart.o(i.HAL_UART_Init)
    i.HAL_UART_MspInit                       0x080016b4   Section        0  usart.o(i.HAL_UART_MspInit)
    i.HAL_UART_RxCpltCallback                0x08001764   Section        0  stm32f1xx_hal_uart.o(i.HAL_UART_RxCpltCallback)
    i.HAL_UART_TxCpltCallback                0x08001766   Section        0  stm32f1xx_hal_uart.o(i.HAL_UART_TxCpltCallback)
    i.HardFault_Handler                      0x08001768   Section        0  stm32f1xx_it.o(i.HardFault_Handler)
    i.I2C1_ER_IRQHandler                     0x0800176c   Section        0  stm32f1xx_it.o(i.I2C1_ER_IRQHandler)
    i.I2C1_EV_IRQHandler                     0x08001778   Section        0  stm32f1xx_it.o(i.I2C1_EV_IRQHandler)
    i.MX_GPIO_Init                           0x08001784   Section        0  gpio.o(i.MX_GPIO_Init)
    i.MX_I2C1_Init                           0x080017e8   Section        0  i2c.o(i.MX_I2C1_Init)
    i.MX_RTC_Init                            0x08001828   Section        0  rtc.o(i.MX_RTC_Init)
    i.MX_USART1_UART_Init                    0x08001858   Section        0  usart.o(i.MX_USART1_UART_Init)
    i.MX_USART2_UART_Init                    0x08001890   Section        0  usart.o(i.MX_USART2_UART_Init)
    i.MemManage_Handler                      0x080018c8   Section        0  stm32f1xx_it.o(i.MemManage_Handler)
    i.NMI_Handler                            0x080018ca   Section        0  stm32f1xx_it.o(i.NMI_Handler)
    i.PendSV_Handler                         0x080018cc   Section        0  stm32f1xx_it.o(i.PendSV_Handler)
    i.RTC_IRQHandler                         0x080018d0   Section        0  stm32f1xx_it.o(i.RTC_IRQHandler)
    i.SVC_Handler                            0x080018dc   Section        0  stm32f1xx_it.o(i.SVC_Handler)
    i.SysTick_Handler                        0x080018de   Section        0  stm32f1xx_it.o(i.SysTick_Handler)
    i.SystemInit                             0x080018ec   Section        0  system_stm32f1xx.o(i.SystemInit)
    i.USART1_IRQHandler                      0x08001934   Section        0  stm32f1xx_it.o(i.USART1_IRQHandler)
    i.USART2_IRQHandler                      0x08001940   Section        0  stm32f1xx_it.o(i.USART2_IRQHandler)
    i.UsageFault_Handler                     0x0800194c   Section        0  stm32f1xx_it.o(i.UsageFault_Handler)
    i._Z10DelayMicroj                        0x08001950   Section        0  lcd.o(i._Z10DelayMicroj)
    DelayMicro(unsigned)                     0x08001951   Thumb Code    30  lcd.o(i._Z10DelayMicroj)
    i._Z10LCD_SetPoshh                       0x08001978   Section        0  lcd.o(i._Z10LCD_SetPoshh)
    i._Z10LCD_StringPc                       0x080019b0   Section        0  lcd.o(i._Z10LCD_StringPc)
    i._Z11_tm1637Stopv                       0x080019ca   Section        0  stm32_tm1637.o(i._Z11_tm1637Stopv)
    i._Z12LCD_SendCharc                      0x080019f2   Section        0  lcd.o(i._Z12LCD_SendCharc)
    i._Z12_tm1637Startv                      0x080019f8   Section        0  stm32_tm1637.o(i._Z12_tm1637Startv)
    i._Z12sendhalfbyteh                      0x08001a10   Section        0  lcd.o(i._Z12sendhalfbyteh)
    i._Z13_tm1637ClkLowv                     0x08001a4c   Section        0  stm32_tm1637.o(i._Z13_tm1637ClkLowv)
    i._Z13_tm1637DioLowv                     0x08001a5c   Section        0  stm32_tm1637.o(i._Z13_tm1637DioLowv)
    i._Z14UART_SetConfigP18UART_HandleTypeDef 0x08001a6c   Section        0  stm32f1xx_hal_uart.o(i._Z14UART_SetConfigP18UART_HandleTypeDef)
    UART_SetConfig(UART_HandleTypeDef*)      0x08001a6d   Thumb Code   364  stm32f1xx_hal_uart.o(i._Z14UART_SetConfigP18UART_HandleTypeDef)
    i._Z14_tm1637ClkHighv                    0x08001bdc   Section        0  stm32_tm1637.o(i._Z14_tm1637ClkHighv)
    i._Z14_tm1637DelayUsj                    0x08001bec   Section        0  stm32_tm1637.o(i._Z14_tm1637DelayUsj)
    i._Z14_tm1637DioHighv                    0x08001c14   Section        0  stm32_tm1637.o(i._Z14_tm1637DioHighv)
    i._Z15UART_Receive_ITP18UART_HandleTypeDef 0x08001c24   Section        0  stm32f1xx_hal_uart.o(i._Z15UART_Receive_ITP18UART_HandleTypeDef)
    UART_Receive_IT(UART_HandleTypeDef*)     0x08001c25   Thumb Code   168  stm32f1xx_hal_uart.o(i._Z15UART_Receive_ITP18UART_HandleTypeDef)
    i._Z16NVIC_SetPriority9IRQn_Typej        0x08001ccc   Section        0  stm32f1xx_hal_cortex.o(i._Z16NVIC_SetPriority9IRQn_Typej)
    NVIC_SetPriority(IRQn_Type, unsigned)    0x08001ccd   Thumb Code    32  stm32f1xx_hal_cortex.o(i._Z16NVIC_SetPriority9IRQn_Typej)
    i._Z16RTC_ExitInitModeP17RTC_HandleTypeDef 0x08001cec   Section        0  stm32f1xx_hal_rtc.o(i._Z16RTC_ExitInitModeP17RTC_HandleTypeDef)
    RTC_ExitInitMode(RTC_HandleTypeDef*)     0x08001ced   Thumb Code    54  stm32f1xx_hal_rtc.o(i._Z16RTC_ExitInitModeP17RTC_HandleTypeDef)
    i._Z16UART_Transmit_ITP18UART_HandleTypeDef 0x08001d22   Section        0  stm32f1xx_hal_uart.o(i._Z16UART_Transmit_ITP18UART_HandleTypeDef)
    UART_Transmit_IT(UART_HandleTypeDef*)    0x08001d23   Thumb Code   102  stm32f1xx_hal_uart.o(i._Z16UART_Transmit_ITP18UART_HandleTypeDef)
    i._Z16_tm1637WriteByteh                  0x08001d88   Section        0  stm32_tm1637.o(i._Z16_tm1637WriteByteh)
    i._Z17RTC_EnterInitModeP17RTC_HandleTypeDef 0x08001dbc   Section        0  stm32f1xx_hal_rtc.o(i._Z17RTC_EnterInitModeP17RTC_HandleTypeDef)
    RTC_EnterInitMode(RTC_HandleTypeDef*)    0x08001dbd   Thumb Code    52  stm32f1xx_hal_rtc.o(i._Z17RTC_EnterInitModeP17RTC_HandleTypeDef)
    i._Z17_tm1637ReadResultv                 0x08001df0   Section        0  stm32_tm1637.o(i._Z17_tm1637ReadResultv)
    i._Z18SystemClock_Configv                0x08001e0e   Section        0  main.o(i._Z18SystemClock_Configv)
    i._Z19LCD_WriteByteI2CLCDh               0x08001e90   Section        0  lcd.o(i._Z19LCD_WriteByteI2CLCDh)
    i._Z21I2C_MasterReceive_BTFP17I2C_HandleTypeDef 0x08001eb4   Section        0  stm32f1xx_hal_i2c.o(i._Z21I2C_MasterReceive_BTFP17I2C_HandleTypeDef)
    I2C_MasterReceive_BTF(I2C_HandleTypeDef*) 0x08001eb5   Thumb Code   128  stm32f1xx_hal_i2c.o(i._Z21I2C_MasterReceive_BTFP17I2C_HandleTypeDef)
    i._Z22I2C_MasterReceive_RXNEP17I2C_HandleTypeDef 0x08001f34   Section        0  stm32f1xx_hal_i2c.o(i._Z22I2C_MasterReceive_RXNEP17I2C_HandleTypeDef)
    I2C_MasterReceive_RXNE(I2C_HandleTypeDef*) 0x08001f35   Thumb Code   100  stm32f1xx_hal_i2c.o(i._Z22I2C_MasterReceive_RXNEP17I2C_HandleTypeDef)
    i._Z22I2C_MasterRequestWriteP17I2C_HandleTypeDeftj 0x08001f98   Section        0  stm32f1xx_hal_i2c.o(i._Z22I2C_MasterRequestWriteP17I2C_HandleTypeDeftj)
    I2C_MasterRequestWrite(I2C_HandleTypeDef*, unsigned short, unsigned) 0x08001f99   Thumb Code   112  stm32f1xx_hal_i2c.o(i._Z22I2C_MasterRequestWriteP17I2C_HandleTypeDeftj)
    i._Z23I2C_IsAcknowledgeFailedP17I2C_HandleTypeDef 0x0800200c   Section        0  stm32f1xx_hal_i2c.o(i._Z23I2C_IsAcknowledgeFailedP17I2C_HandleTypeDef)
    I2C_IsAcknowledgeFailed(I2C_HandleTypeDef*) 0x0800200d   Thumb Code    42  stm32f1xx_hal_i2c.o(i._Z23I2C_IsAcknowledgeFailedP17I2C_HandleTypeDef)
    i._Z26I2C_WaitOnFlagUntilTimeoutP17I2C_HandleTypeDefj10FlagStatusj 0x08002036   Section        0  stm32f1xx_hal_i2c.o(i._Z26I2C_WaitOnFlagUntilTimeoutP17I2C_HandleTypeDefj10FlagStatusj)
    I2C_WaitOnFlagUntilTimeout(I2C_HandleTypeDef*, unsigned, FlagStatus, unsigned) 0x08002037   Thumb Code   138  stm32f1xx_hal_i2c.o(i._Z26I2C_WaitOnFlagUntilTimeoutP17I2C_HandleTypeDefj10FlagStatusj)
    i._Z29I2C_WaitOnTXEFlagUntilTimeoutP17I2C_HandleTypeDefj 0x080020c0   Section        0  stm32f1xx_hal_i2c.o(i._Z29I2C_WaitOnTXEFlagUntilTimeoutP17I2C_HandleTypeDefj)
    I2C_WaitOnTXEFlagUntilTimeout(I2C_HandleTypeDef*, unsigned) 0x080020c1   Thumb Code    80  stm32f1xx_hal_i2c.o(i._Z29I2C_WaitOnTXEFlagUntilTimeoutP17I2C_HandleTypeDefj)
    i._Z39I2C_WaitOnMasterAddressFlagUntilTimeoutP17I2C_HandleTypeDefjj 0x08002110   Section        0  stm32f1xx_hal_i2c.o(i._Z39I2C_WaitOnMasterAddressFlagUntilTimeoutP17I2C_HandleTypeDefjj)
    I2C_WaitOnMasterAddressFlagUntilTimeout(I2C_HandleTypeDef*, unsigned, unsigned) 0x08002111   Thumb Code   136  stm32f1xx_hal_i2c.o(i._Z39I2C_WaitOnMasterAddressFlagUntilTimeoutP17I2C_HandleTypeDefjj)
    i._Z7LCD_iniv                            0x08002198   Section        0  lcd.o(i._Z7LCD_iniv)
    i._Z8sendbytehh                          0x0800222c   Section        0  lcd.o(i._Z8sendbytehh)
    i._Z9LCD_Clearv                          0x0800225c   Section        0  lcd.o(i._Z9LCD_Clearv)
    i.__0sprintf$bare                        0x08002270   Section        0  printfb.o(i.__0sprintf$bare)
    i.__scatterload_copy                     0x08002294   Section       14  handlers.o(i.__scatterload_copy)
    i.__scatterload_null                     0x080022a2   Section        2  handlers.o(i.__scatterload_null)
    i.__scatterload_zeroinit                 0x080022a4   Section       14  handlers.o(i.__scatterload_zeroinit)
    i._printf_core                           0x080022b2   Section        0  printfb.o(i._printf_core)
    _printf_core                             0x080022b3   Thumb Code    34  printfb.o(i._printf_core)
    i._sputc                                 0x080022d4   Section        0  printfb.o(i._sputc)
    _sputc                                   0x080022d5   Thumb Code    10  printfb.o(i._sputc)
    i.main                                   0x080022e0   Section        0  main.o(i.main)
    i.tm1637DisplayDecimal                   0x080023a4   Section        0  stm32_tm1637.o(i.tm1637DisplayDecimal)
    i.tm1637Init                             0x0800241c   Section        0  stm32_tm1637.o(i.tm1637Init)
    i.tm1637SetBrightness                    0x08002480   Section        0  stm32_tm1637.o(i.tm1637SetBrightness)
    .constdata                               0x0800249c   Section       17  stm32_tm1637.o(.constdata)
    segmentMap                               0x0800249c   Data          17  stm32_tm1637.o(.constdata)
    .constdata                               0x080024ad   Section       16  system_stm32f1xx.o(.constdata)
    .constdata                               0x080024bd   Section        8  system_stm32f1xx.o(.constdata)
    .data                                    0x20000000   Section        4  stm32f1xx_hal.o(.data)
    uwTick                                   0x20000000   Data           4  stm32f1xx_hal.o(.data)
    .data                                    0x20000004   Section        2  lcd.o(.data)
    .data                                    0x20000008   Section        4  system_stm32f1xx.o(.data)
    .bss                                     0x2000000c   Section       60  i2c.o(.bss)
    .bss                                     0x20000048   Section       20  rtc.o(.bss)
    .bss                                     0x2000005c   Section      128  usart.o(.bss)
    STACK                                    0x200000e0   Section     1024  startup_stm32f103xb.o(STACK)

    Global Symbols

    Symbol Name                              Value     Ov Type        Size  Object(Section)

    BuildAttributes$$THM_ISAv4$P$D$K$B$S$PE$A:L22UL41UL21$X:L11$S22US41US21$IEEE1$IW$USESV6$~STKCKD$USESV7$~SHL$OSPACE$ROPI$EBA8$MICROLIB$REQ8$PRES8$EABIv2 0x00000000   Number         0  anon$$obj.o ABSOLUTE
    __ARM_use_no_argv                        0x00000000   Number         0  main.o ABSOLUTE
    __cpp_initialize__aeabi_                  - Undefined Weak Reference
    __cxa_finalize                            - Undefined Weak Reference
    __decompress                              - Undefined Weak Reference
    _clock_init                               - Undefined Weak Reference
    _microlib_exit                            - Undefined Weak Reference
    __Vectors_Size                           0x000000ec   Number         0  startup_stm32f103xb.o ABSOLUTE
    __Vectors                                0x08000000   Data           4  startup_stm32f103xb.o(RESET)
    __Vectors_End                            0x080000ec   Data           0  startup_stm32f103xb.o(RESET)
    __main                                   0x080000ed   Thumb Code     0  entry.o(.ARM.Collect$$$$00000000)
    _main_stk                                0x080000ed   Thumb Code     0  entry2.o(.ARM.Collect$$$$00000001)
    _main_scatterload                        0x080000f1   Thumb Code     0  entry5.o(.ARM.Collect$$$$00000004)
    __main_after_scatterload                 0x080000f5   Thumb Code     0  entry5.o(.ARM.Collect$$$$00000004)
    _main_clock                              0x080000f5   Thumb Code     0  entry7b.o(.ARM.Collect$$$$00000008)
    _main_cpp_init                           0x080000f5   Thumb Code     0  entry8b.o(.ARM.Collect$$$$0000000A)
    _main_init                               0x080000f5   Thumb Code     0  entry9a.o(.ARM.Collect$$$$0000000B)
    __rt_final_cpp                           0x080000fd   Thumb Code     0  entry10a.o(.ARM.Collect$$$$0000000D)
    __rt_final_exit                          0x080000fd   Thumb Code     0  entry11a.o(.ARM.Collect$$$$0000000F)
    Reset_Handler                            0x08000101   Thumb Code     8  startup_stm32f103xb.o(.text)
    ADC1_2_IRQHandler                        0x0800011b   Thumb Code     0  startup_stm32f103xb.o(.text)
    CAN1_RX1_IRQHandler                      0x0800011b   Thumb Code     0  startup_stm32f103xb.o(.text)
    CAN1_SCE_IRQHandler                      0x0800011b   Thumb Code     0  startup_stm32f103xb.o(.text)
    DMA1_Channel1_IRQHandler                 0x0800011b   Thumb Code     0  startup_stm32f103xb.o(.text)
    DMA1_Channel2_IRQHandler                 0x0800011b   Thumb Code     0  startup_stm32f103xb.o(.text)
    DMA1_Channel3_IRQHandler                 0x0800011b   Thumb Code     0  startup_stm32f103xb.o(.text)
    DMA1_Channel4_IRQHandler                 0x0800011b   Thumb Code     0  startup_stm32f103xb.o(.text)
    DMA1_Channel5_IRQHandler                 0x0800011b   Thumb Code     0  startup_stm32f103xb.o(.text)
    DMA1_Channel6_IRQHandler                 0x0800011b   Thumb Code     0  startup_stm32f103xb.o(.text)
    DMA1_Channel7_IRQHandler                 0x0800011b   Thumb Code     0  startup_stm32f103xb.o(.text)
    EXTI0_IRQHandler                         0x0800011b   Thumb Code     0  startup_stm32f103xb.o(.text)
    EXTI15_10_IRQHandler                     0x0800011b   Thumb Code     0  startup_stm32f103xb.o(.text)
    EXTI1_IRQHandler                         0x0800011b   Thumb Code     0  startup_stm32f103xb.o(.text)
    EXTI2_IRQHandler                         0x0800011b   Thumb Code     0  startup_stm32f103xb.o(.text)
    EXTI3_IRQHandler                         0x0800011b   Thumb Code     0  startup_stm32f103xb.o(.text)
    EXTI4_IRQHandler                         0x0800011b   Thumb Code     0  startup_stm32f103xb.o(.text)
    EXTI9_5_IRQHandler                       0x0800011b   Thumb Code     0  startup_stm32f103xb.o(.text)
    FLASH_IRQHandler                         0x0800011b   Thumb Code     0  startup_stm32f103xb.o(.text)
    I2C2_ER_IRQHandler                       0x0800011b   Thumb Code     0  startup_stm32f103xb.o(.text)
    I2C2_EV_IRQHandler                       0x0800011b   Thumb Code     0  startup_stm32f103xb.o(.text)
    PVD_IRQHandler                           0x0800011b   Thumb Code     0  startup_stm32f103xb.o(.text)
    RCC_IRQHandler                           0x0800011b   Thumb Code     0  startup_stm32f103xb.o(.text)
    RTC_Alarm_IRQHandler                     0x0800011b   Thumb Code     0  startup_stm32f103xb.o(.text)
    SPI1_IRQHandler                          0x0800011b   Thumb Code     0  startup_stm32f103xb.o(.text)
    SPI2_IRQHandler                          0x0800011b   Thumb Code     0  startup_stm32f103xb.o(.text)
    TAMPER_IRQHandler                        0x0800011b   Thumb Code     0  startup_stm32f103xb.o(.text)
    TIM1_BRK_IRQHandler                      0x0800011b   Thumb Code     0  startup_stm32f103xb.o(.text)
    TIM1_CC_IRQHandler                       0x0800011b   Thumb Code     0  startup_stm32f103xb.o(.text)
    TIM1_TRG_COM_IRQHandler                  0x0800011b   Thumb Code     0  startup_stm32f103xb.o(.text)
    TIM1_UP_IRQHandler                       0x0800011b   Thumb Code     0  startup_stm32f103xb.o(.text)
    TIM2_IRQHandler                          0x0800011b   Thumb Code     0  startup_stm32f103xb.o(.text)
    TIM3_IRQHandler                          0x0800011b   Thumb Code     0  startup_stm32f103xb.o(.text)
    TIM4_IRQHandler                          0x0800011b   Thumb Code     0  startup_stm32f103xb.o(.text)
    USART3_IRQHandler                        0x0800011b   Thumb Code     0  startup_stm32f103xb.o(.text)
    USBWakeUp_IRQHandler                     0x0800011b   Thumb Code     0  startup_stm32f103xb.o(.text)
    USB_HP_CAN1_TX_IRQHandler                0x0800011b   Thumb Code     0  startup_stm32f103xb.o(.text)
    USB_LP_CAN1_RX0_IRQHandler               0x0800011b   Thumb Code     0  startup_stm32f103xb.o(.text)
    WWDG_IRQHandler                          0x0800011b   Thumb Code     0  startup_stm32f103xb.o(.text)
    __scatterload                            0x08000125   Thumb Code    28  init.o(.text)
    __scatterload_rt2                        0x08000125   Thumb Code     0  init.o(.text)
    BusFault_Handler                         0x08000149   Thumb Code     2  stm32f1xx_it.o(i.BusFault_Handler)
    DebugMon_Handler                         0x0800014b   Thumb Code     2  stm32f1xx_it.o(i.DebugMon_Handler)
    Error_Handler                            0x0800014d   Thumb Code     2  main.o(i.Error_Handler)
    HAL_Delay                                0x0800014f   Thumb Code    22  stm32f1xx_hal.o(i.HAL_Delay)
    HAL_GPIO_Init                            0x08000165   Thumb Code   408  stm32f1xx_hal_gpio.o(i.HAL_GPIO_Init)
    HAL_GPIO_WritePin                        0x08000321   Thumb Code    10  stm32f1xx_hal_gpio.o(i.HAL_GPIO_WritePin)
    HAL_GetTick                              0x0800032d   Thumb Code     6  stm32f1xx_hal.o(i.HAL_GetTick)
    HAL_I2C_ER_IRQHandler                    0x08000339   Thumb Code   250  stm32f1xx_hal_i2c.o(i.HAL_I2C_ER_IRQHandler)
    HAL_I2C_EV_IRQHandler                    0x08000433   Thumb Code   392  stm32f1xx_hal_i2c.o(i.HAL_I2C_EV_IRQHandler)
    HAL_I2C_ErrorCallback                    0x080005bb   Thumb Code     2  stm32f1xx_hal_i2c.o(i.HAL_I2C_ErrorCallback)
    HAL_I2C_Init                             0x080005bd   Thumb Code   216  stm32f1xx_hal_i2c.o(i.HAL_I2C_Init)
    HAL_I2C_MasterRxCpltCallback             0x0800069d   Thumb Code     2  stm32f1xx_hal_i2c.o(i.HAL_I2C_MasterRxCpltCallback)
    HAL_I2C_MasterTxCpltCallback             0x0800069f   Thumb Code     2  stm32f1xx_hal_i2c.o(i.HAL_I2C_MasterTxCpltCallback)
    HAL_I2C_Master_Transmit                  0x080006a1   Thumb Code   294  stm32f1xx_hal_i2c.o(i.HAL_I2C_Master_Transmit)
    HAL_I2C_MemRxCpltCallback                0x080007cd   Thumb Code     2  stm32f1xx_hal_i2c.o(i.HAL_I2C_MemRxCpltCallback)
    HAL_I2C_MemTxCpltCallback                0x080007cf   Thumb Code     2  stm32f1xx_hal_i2c.o(i.HAL_I2C_MemTxCpltCallback)
    HAL_I2C_MspInit                          0x080007d1   Thumb Code    86  i2c.o(i.HAL_I2C_MspInit)
    HAL_I2C_SlaveRxCpltCallback              0x08000835   Thumb Code     2  stm32f1xx_hal_i2c.o(i.HAL_I2C_SlaveRxCpltCallback)
    HAL_I2C_SlaveTxCpltCallback              0x08000837   Thumb Code     2  stm32f1xx_hal_i2c.o(i.HAL_I2C_SlaveTxCpltCallback)
    HAL_IncTick                              0x08000839   Thumb Code    10  stm32f1xx_hal.o(i.HAL_IncTick)
    HAL_Init                                 0x08000849   Thumb Code    32  stm32f1xx_hal.o(i.HAL_Init)
    HAL_InitTick                             0x0800086d   Thumb Code    34  stm32f1xx_hal.o(i.HAL_InitTick)
    HAL_MspInit                              0x08000891   Thumb Code   118  stm32f1xx_hal_msp.o(i.HAL_MspInit)
    HAL_NVIC_EnableIRQ                       0x08000911   Thumb Code    22  stm32f1xx_hal_cortex.o(i.HAL_NVIC_EnableIRQ)
    HAL_NVIC_SetPriority                     0x08000929   Thumb Code    60  stm32f1xx_hal_cortex.o(i.HAL_NVIC_SetPriority)
    HAL_NVIC_SetPriorityGrouping             0x08000969   Thumb Code    26  stm32f1xx_hal_cortex.o(i.HAL_NVIC_SetPriorityGrouping)
    HAL_PWR_EnableBkUpAccess                 0x0800098d   Thumb Code    20  stm32f1xx_hal_pwr.o(i.HAL_PWR_EnableBkUpAccess)
    HAL_RCCEx_GetPeriphCLKFreq               0x080009a5   Thumb Code   208  stm32f1xx_hal_rcc_ex.o(i.HAL_RCCEx_GetPeriphCLKFreq)
    HAL_RCCEx_PeriphCLKConfig                0x08000a95   Thumb Code   288  stm32f1xx_hal_rcc_ex.o(i.HAL_RCCEx_PeriphCLKConfig)
    HAL_RCC_ClockConfig                      0x08000bc1   Thumb Code   374  stm32f1xx_hal_rcc.o(i.HAL_RCC_ClockConfig)
    HAL_RCC_GetHCLKFreq                      0x08000d49   Thumb Code     6  stm32f1xx_hal_rcc.o(i.HAL_RCC_GetHCLKFreq)
    HAL_RCC_GetPCLK1Freq                     0x08000d55   Thumb Code    34  stm32f1xx_hal_rcc.o(i.HAL_RCC_GetPCLK1Freq)
    HAL_RCC_GetPCLK2Freq                     0x08000d85   Thumb Code    34  stm32f1xx_hal_rcc.o(i.HAL_RCC_GetPCLK2Freq)
    HAL_RCC_GetSysClockFreq                  0x08000db5   Thumb Code   104  stm32f1xx_hal_rcc.o(i.HAL_RCC_GetSysClockFreq)
    HAL_RCC_OscConfig                        0x08000e3d   Thumb Code  1406  stm32f1xx_hal_rcc.o(i.HAL_RCC_OscConfig)
    HAL_RTCEx_RTCEventCallback               0x080013bb   Thumb Code     2  stm32f1xx_hal_rtc_ex.o(i.HAL_RTCEx_RTCEventCallback)
    HAL_RTCEx_RTCEventErrorCallback          0x080013bd   Thumb Code     2  stm32f1xx_hal_rtc_ex.o(i.HAL_RTCEx_RTCEventErrorCallback)
    HAL_RTCEx_RTCIRQHandler                  0x080013bf   Thumb Code    60  stm32f1xx_hal_rtc_ex.o(i.HAL_RTCEx_RTCIRQHandler)
    HAL_RTC_Init                             0x080013fd   Thumb Code   154  stm32f1xx_hal_rtc.o(i.HAL_RTC_Init)
    HAL_RTC_MspInit                          0x0800149d   Thumb Code    76  rtc.o(i.HAL_RTC_MspInit)
    HAL_RTC_WaitForSynchro                   0x080014f5   Thumb Code    58  stm32f1xx_hal_rtc.o(i.HAL_RTC_WaitForSynchro)
    HAL_SYSTICK_CLKSourceConfig              0x0800152f   Thumb Code    24  stm32f1xx_hal_cortex.o(i.HAL_SYSTICK_CLKSourceConfig)
    HAL_SYSTICK_Callback                     0x08001547   Thumb Code     2  stm32f1xx_hal_cortex.o(i.HAL_SYSTICK_Callback)
    HAL_SYSTICK_Config                       0x08001549   Thumb Code    40  stm32f1xx_hal_cortex.o(i.HAL_SYSTICK_Config)
    HAL_SYSTICK_IRQHandler                   0x08001571   Thumb Code     8  stm32f1xx_hal_cortex.o(i.HAL_SYSTICK_IRQHandler)
    HAL_UART_ErrorCallback                   0x08001579   Thumb Code     2  stm32f1xx_hal_uart.o(i.HAL_UART_ErrorCallback)
    HAL_UART_IRQHandler                      0x0800157d   Thumb Code   218  stm32f1xx_hal_uart.o(i.HAL_UART_IRQHandler)
    HAL_UART_Init                            0x08001657   Thumb Code    94  stm32f1xx_hal_uart.o(i.HAL_UART_Init)
    HAL_UART_MspInit                         0x080016b5   Thumb Code   158  usart.o(i.HAL_UART_MspInit)
    HAL_UART_RxCpltCallback                  0x08001765   Thumb Code     2  stm32f1xx_hal_uart.o(i.HAL_UART_RxCpltCallback)
    HAL_UART_TxCpltCallback                  0x08001767   Thumb Code     2  stm32f1xx_hal_uart.o(i.HAL_UART_TxCpltCallback)
    HardFault_Handler                        0x08001769   Thumb Code     2  stm32f1xx_it.o(i.HardFault_Handler)
    I2C1_ER_IRQHandler                       0x0800176d   Thumb Code     6  stm32f1xx_it.o(i.I2C1_ER_IRQHandler)
    I2C1_EV_IRQHandler                       0x08001779   Thumb Code     6  stm32f1xx_it.o(i.I2C1_EV_IRQHandler)
    MX_GPIO_Init                             0x08001785   Thumb Code    92  gpio.o(i.MX_GPIO_Init)
    MX_I2C1_Init                             0x080017e9   Thumb Code    50  i2c.o(i.MX_I2C1_Init)
    MX_RTC_Init                              0x08001829   Thumb Code    38  rtc.o(i.MX_RTC_Init)
    MX_USART1_UART_Init                      0x08001859   Thumb Code    48  usart.o(i.MX_USART1_UART_Init)
    MX_USART2_UART_Init                      0x08001891   Thumb Code    48  usart.o(i.MX_USART2_UART_Init)
    MemManage_Handler                        0x080018c9   Thumb Code     2  stm32f1xx_it.o(i.MemManage_Handler)
    NMI_Handler                              0x080018cb   Thumb Code     2  stm32f1xx_it.o(i.NMI_Handler)
    PendSV_Handler                           0x080018cd   Thumb Code     2  stm32f1xx_it.o(i.PendSV_Handler)
    RTC_IRQHandler                           0x080018d1   Thumb Code     6  stm32f1xx_it.o(i.RTC_IRQHandler)
    SVC_Handler                              0x080018dd   Thumb Code     2  stm32f1xx_it.o(i.SVC_Handler)
    SysTick_Handler                          0x080018df   Thumb Code    14  stm32f1xx_it.o(i.SysTick_Handler)
    SystemInit                               0x080018ed   Thumb Code    56  system_stm32f1xx.o(i.SystemInit)
    USART1_IRQHandler                        0x08001935   Thumb Code     6  stm32f1xx_it.o(i.USART1_IRQHandler)
    USART2_IRQHandler                        0x08001941   Thumb Code     6  stm32f1xx_it.o(i.USART2_IRQHandler)
    UsageFault_Handler                       0x0800194d   Thumb Code     2  stm32f1xx_it.o(i.UsageFault_Handler)
    LCD_SetPos(unsigned char, unsigned char) 0x08001979   Thumb Code    56  lcd.o(i._Z10LCD_SetPoshh)
    LCD_String(char*)                        0x080019b1   Thumb Code    26  lcd.o(i._Z10LCD_StringPc)
    _tm1637Stop()                            0x080019cb   Thumb Code    40  stm32_tm1637.o(i._Z11_tm1637Stopv)
    LCD_SendChar(char)                       0x080019f3   Thumb Code     6  lcd.o(i._Z12LCD_SendCharc)
    _tm1637Start()                           0x080019f9   Thumb Code    24  stm32_tm1637.o(i._Z12_tm1637Startv)
    sendhalfbyte(unsigned char)              0x08001a11   Thumb Code    56  lcd.o(i._Z12sendhalfbyteh)
    _tm1637ClkLow()                          0x08001a4d   Thumb Code    12  stm32_tm1637.o(i._Z13_tm1637ClkLowv)
    _tm1637DioLow()                          0x08001a5d   Thumb Code    12  stm32_tm1637.o(i._Z13_tm1637DioLowv)
    _tm1637ClkHigh()                         0x08001bdd   Thumb Code    10  stm32_tm1637.o(i._Z14_tm1637ClkHighv)
    _tm1637DelayUs(unsigned)                 0x08001bed   Thumb Code    36  stm32_tm1637.o(i._Z14_tm1637DelayUsj)
    _tm1637DioHigh()                         0x08001c15   Thumb Code    10  stm32_tm1637.o(i._Z14_tm1637DioHighv)
    _tm1637WriteByte(unsigned char)          0x08001d89   Thumb Code    52  stm32_tm1637.o(i._Z16_tm1637WriteByteh)
    _tm1637ReadResult()                      0x08001df1   Thumb Code    30  stm32_tm1637.o(i._Z17_tm1637ReadResultv)
    SystemClock_Config()                     0x08001e0f   Thumb Code   128  main.o(i._Z18SystemClock_Configv)
    LCD_WriteByteI2CLCD(unsigned char)       0x08001e91   Thumb Code    26  lcd.o(i._Z19LCD_WriteByteI2CLCDh)
    LCD_ini()                                0x08002199   Thumb Code   142  lcd.o(i._Z7LCD_iniv)
    sendbyte(unsigned char, unsigned char)   0x0800222d   Thumb Code    42  lcd.o(i._Z8sendbytehh)
    LCD_Clear()                              0x0800225d   Thumb Code    20  lcd.o(i._Z9LCD_Clearv)
    __0sprintf$bare                          0x08002271   Thumb Code    32  printfb.o(i.__0sprintf$bare)
    __1sprintf$bare                          0x08002271   Thumb Code     0  printfb.o(i.__0sprintf$bare)
    __2sprintf                               0x08002271   Thumb Code     0  printfb.o(i.__0sprintf$bare)
    __scatterload_copy                       0x08002295   Thumb Code    14  handlers.o(i.__scatterload_copy)
    __scatterload_null                       0x080022a3   Thumb Code     2  handlers.o(i.__scatterload_null)
    __scatterload_zeroinit                   0x080022a5   Thumb Code    14  handlers.o(i.__scatterload_zeroinit)
    main                                     0x080022e1   Thumb Code   174  main.o(i.main)
    tm1637DisplayDecimal                     0x080023a5   Thumb Code   114  stm32_tm1637.o(i.tm1637DisplayDecimal)
    tm1637Init                               0x0800241d   Thumb Code    90  stm32_tm1637.o(i.tm1637Init)
    tm1637SetBrightness                      0x08002481   Thumb Code    28  stm32_tm1637.o(i.tm1637SetBrightness)
    AHBPrescTable                            0x080024ad   Data          16  system_stm32f1xx.o(.constdata)
    APBPrescTable                            0x080024bd   Data           8  system_stm32f1xx.o(.constdata)
    Region$$Table$$Base                      0x080024c8   Number         0  anon$$obj.o(Region$$Table)
    Region$$Table$$Limit                     0x080024e8   Number         0  anon$$obj.o(Region$$Table)
    buf                                      0x20000004   Data           1  lcd.o(.data)
    portlcd                                  0x20000005   Data           1  lcd.o(.data)
    SystemCoreClock                          0x20000008   Data           4  system_stm32f1xx.o(.data)
    hi2c1                                    0x2000000c   Data          60  i2c.o(.bss)
    hrtc                                     0x20000048   Data          20  rtc.o(.bss)
    huart1                                   0x2000005c   Data          64  usart.o(.bss)
    huart2                                   0x2000009c   Data          64  usart.o(.bss)
    __initial_sp                             0x200004e0   Data           0  startup_stm32f103xb.o(STACK)



==============================================================================

Memory Map of the image

  Image Entry point : 0x080000ed

  Load Region LR_IROM1 (Base: 0x08000000, Size: 0x000024f4, Max: 0x00010000, ABSOLUTE)

    Execution Region ER_IROM1 (Base: 0x08000000, Size: 0x000024e8, Max: 0x00010000, ABSOLUTE)

    Base Addr    Size         Type   Attr      Idx    E Section Name        Object

    0x08000000   0x000000ec   Data   RO         2084    RESET               startup_stm32f103xb.o
    0x080000ec   0x00000000   Code   RO         2694  * .ARM.Collect$$$$00000000  mc_w.l(entry.o)
    0x080000ec   0x00000004   Code   RO         2959    .ARM.Collect$$$$00000001  mc_w.l(entry2.o)
    0x080000f0   0x00000004   Code   RO         2962    .ARM.Collect$$$$00000004  mc_w.l(entry5.o)
    0x080000f4   0x00000000   Code   RO         2964    .ARM.Collect$$$$00000008  mc_w.l(entry7b.o)
    0x080000f4   0x00000000   Code   RO         2966    .ARM.Collect$$$$0000000A  mc_w.l(entry8b.o)
    0x080000f4   0x00000008   Code   RO         2967    .ARM.Collect$$$$0000000B  mc_w.l(entry9a.o)
    0x080000fc   0x00000000   Code   RO         2969    .ARM.Collect$$$$0000000D  mc_w.l(entry10a.o)
    0x080000fc   0x00000000   Code   RO         2971    .ARM.Collect$$$$0000000F  mc_w.l(entry11a.o)
    0x080000fc   0x00000004   Code   RO         2960    .ARM.Collect$$$$00002712  mc_w.l(entry2.o)
    0x08000100   0x00000024   Code   RO         2085    .text               startup_stm32f103xb.o
    0x08000124   0x00000024   Code   RO         2991    .text               mc_w.l(init.o)
    0x08000148   0x00000002   Code   RO         2179    i.BusFault_Handler  stm32f1xx_it.o
    0x0800014a   0x00000002   Code   RO         2180    i.DebugMon_Handler  stm32f1xx_it.o
    0x0800014c   0x00000002   Code   RO         2092    i.Error_Handler     main.o
    0x0800014e   0x00000016   Code   RO         1852    i.HAL_Delay         stm32f1xx_hal.o
    0x08000164   0x000001bc   Code   RO          174    i.HAL_GPIO_Init     stm32f1xx_hal_gpio.o
    0x08000320   0x0000000a   Code   RO          178    i.HAL_GPIO_WritePin  stm32f1xx_hal_gpio.o
    0x0800032a   0x00000002   PAD
    0x0800032c   0x0000000c   Code   RO         1856    i.HAL_GetTick       stm32f1xx_hal.o
    0x08000338   0x000000fa   Code   RO         1476    i.HAL_I2C_ER_IRQHandler  stm32f1xx_hal_i2c.o
    0x08000432   0x00000188   Code   RO         1477    i.HAL_I2C_EV_IRQHandler  stm32f1xx_hal_i2c.o
    0x080005ba   0x00000002   Code   RO         1478    i.HAL_I2C_ErrorCallback  stm32f1xx_hal_i2c.o
    0x080005bc   0x000000e0   Code   RO         1481    i.HAL_I2C_Init      stm32f1xx_hal_i2c.o
    0x0800069c   0x00000002   Code   RO         1483    i.HAL_I2C_MasterRxCpltCallback  stm32f1xx_hal_i2c.o
    0x0800069e   0x00000002   Code   RO         1484    i.HAL_I2C_MasterTxCpltCallback  stm32f1xx_hal_i2c.o
    0x080006a0   0x0000012c   Code   RO         1488    i.HAL_I2C_Master_Transmit  stm32f1xx_hal_i2c.o
    0x080007cc   0x00000002   Code   RO         1491    i.HAL_I2C_MemRxCpltCallback  stm32f1xx_hal_i2c.o
    0x080007ce   0x00000002   Code   RO         1492    i.HAL_I2C_MemTxCpltCallback  stm32f1xx_hal_i2c.o
    0x080007d0   0x00000064   Code   RO         2300    i.HAL_I2C_MspInit   i2c.o
    0x08000834   0x00000002   Code   RO         1501    i.HAL_I2C_SlaveRxCpltCallback  stm32f1xx_hal_i2c.o
    0x08000836   0x00000002   Code   RO         1502    i.HAL_I2C_SlaveTxCpltCallback  stm32f1xx_hal_i2c.o
    0x08000838   0x00000010   Code   RO         1857    i.HAL_IncTick       stm32f1xx_hal.o
    0x08000848   0x00000024   Code   RO         1858    i.HAL_Init          stm32f1xx_hal.o
    0x0800086c   0x00000022   Code   RO         1859    i.HAL_InitTick      stm32f1xx_hal.o
    0x0800088e   0x00000002   PAD
    0x08000890   0x00000080   Code   RO         2389    i.HAL_MspInit       stm32f1xx_hal_msp.o
    0x08000910   0x00000016   Code   RO          265    i.HAL_NVIC_EnableIRQ  stm32f1xx_hal_cortex.o
    0x08000926   0x00000002   PAD
    0x08000928   0x00000040   Code   RO          271    i.HAL_NVIC_SetPriority  stm32f1xx_hal_cortex.o
    0x08000968   0x00000024   Code   RO          272    i.HAL_NVIC_SetPriorityGrouping  stm32f1xx_hal_cortex.o
    0x0800098c   0x00000018   Code   RO          832    i.HAL_PWR_EnableBkUpAccess  stm32f1xx_hal_pwr.o
    0x080009a4   0x000000f0   Code   RO            5    i.HAL_RCCEx_GetPeriphCLKFreq  stm32f1xx_hal_rcc_ex.o
    0x08000a94   0x0000012c   Code   RO            6    i.HAL_RCCEx_PeriphCLKConfig  stm32f1xx_hal_rcc_ex.o
    0x08000bc0   0x00000188   Code   RO         1360    i.HAL_RCC_ClockConfig  stm32f1xx_hal_rcc.o
    0x08000d48   0x0000000c   Code   RO         1365    i.HAL_RCC_GetHCLKFreq  stm32f1xx_hal_rcc.o
    0x08000d54   0x00000030   Code   RO         1367    i.HAL_RCC_GetPCLK1Freq  stm32f1xx_hal_rcc.o
    0x08000d84   0x00000030   Code   RO         1368    i.HAL_RCC_GetPCLK2Freq  stm32f1xx_hal_rcc.o
    0x08000db4   0x00000088   Code   RO         1369    i.HAL_RCC_GetSysClockFreq  stm32f1xx_hal_rcc.o
    0x08000e3c   0x0000057e   Code   RO         1372    i.HAL_RCC_OscConfig  stm32f1xx_hal_rcc.o
    0x080013ba   0x00000002   Code   RO         1248    i.HAL_RTCEx_RTCEventCallback  stm32f1xx_hal_rtc_ex.o
    0x080013bc   0x00000002   Code   RO         1249    i.HAL_RTCEx_RTCEventErrorCallback  stm32f1xx_hal_rtc_ex.o
    0x080013be   0x0000003c   Code   RO         1250    i.HAL_RTCEx_RTCIRQHandler  stm32f1xx_hal_rtc_ex.o
    0x080013fa   0x00000002   PAD
    0x080013fc   0x000000a0   Code   RO          636    i.HAL_RTC_Init      stm32f1xx_hal_rtc.o
    0x0800149c   0x00000058   Code   RO         2345    i.HAL_RTC_MspInit   rtc.o
    0x080014f4   0x0000003a   Code   RO          644    i.HAL_RTC_WaitForSynchro  stm32f1xx_hal_rtc.o
    0x0800152e   0x00000018   Code   RO          274    i.HAL_SYSTICK_CLKSourceConfig  stm32f1xx_hal_cortex.o
    0x08001546   0x00000002   Code   RO          275    i.HAL_SYSTICK_Callback  stm32f1xx_hal_cortex.o
    0x08001548   0x00000028   Code   RO          276    i.HAL_SYSTICK_Config  stm32f1xx_hal_cortex.o
    0x08001570   0x00000008   Code   RO          277    i.HAL_SYSTICK_IRQHandler  stm32f1xx_hal_cortex.o
    0x08001578   0x00000002   Code   RO          980    i.HAL_UART_ErrorCallback  stm32f1xx_hal_uart.o
    0x0800157a   0x00000002   PAD
    0x0800157c   0x000000da   Code   RO          983    i.HAL_UART_IRQHandler  stm32f1xx_hal_uart.o
    0x08001656   0x0000005e   Code   RO          984    i.HAL_UART_Init     stm32f1xx_hal_uart.o
    0x080016b4   0x000000b0   Code   RO         2415    i.HAL_UART_MspInit  usart.o
    0x08001764   0x00000002   Code   RO          990    i.HAL_UART_RxCpltCallback  stm32f1xx_hal_uart.o
    0x08001766   0x00000002   Code   RO          995    i.HAL_UART_TxCpltCallback  stm32f1xx_hal_uart.o
    0x08001768   0x00000002   Code   RO         2181    i.HardFault_Handler  stm32f1xx_it.o
    0x0800176a   0x00000002   PAD
    0x0800176c   0x0000000c   Code   RO         2182    i.I2C1_ER_IRQHandler  stm32f1xx_it.o
    0x08001778   0x0000000c   Code   RO         2183    i.I2C1_EV_IRQHandler  stm32f1xx_it.o
    0x08001784   0x00000064   Code   RO         2154    i.MX_GPIO_Init      gpio.o
    0x080017e8   0x00000040   Code   RO         2301    i.MX_I2C1_Init      i2c.o
    0x08001828   0x00000030   Code   RO         2346    i.MX_RTC_Init       rtc.o
    0x08001858   0x00000038   Code   RO         2416    i.MX_USART1_UART_Init  usart.o
    0x08001890   0x00000038   Code   RO         2417    i.MX_USART2_UART_Init  usart.o
    0x080018c8   0x00000002   Code   RO         2184    i.MemManage_Handler  stm32f1xx_it.o
    0x080018ca   0x00000002   Code   RO         2185    i.NMI_Handler       stm32f1xx_it.o
    0x080018cc   0x00000002   Code   RO         2186    i.PendSV_Handler    stm32f1xx_it.o
    0x080018ce   0x00000002   PAD
    0x080018d0   0x0000000c   Code   RO         2187    i.RTC_IRQHandler    stm32f1xx_it.o
    0x080018dc   0x00000002   Code   RO         2188    i.SVC_Handler       stm32f1xx_it.o
    0x080018de   0x0000000e   Code   RO         2189    i.SysTick_Handler   stm32f1xx_it.o
    0x080018ec   0x00000048   Code   RO         2658    i.SystemInit        system_stm32f1xx.o
    0x08001934   0x0000000c   Code   RO         2190    i.USART1_IRQHandler  stm32f1xx_it.o
    0x08001940   0x0000000c   Code   RO         2191    i.USART2_IRQHandler  stm32f1xx_it.o
    0x0800194c   0x00000002   Code   RO         2192    i.UsageFault_Handler  stm32f1xx_it.o
    0x0800194e   0x00000002   PAD
    0x08001950   0x00000028   Code   RO         2466    i._Z10DelayMicroj   lcd.o
    0x08001978   0x00000038   Code   RO         2467    i._Z10LCD_SetPoshh  lcd.o
    0x080019b0   0x0000001a   Code   RO         2468    i._Z10LCD_StringPc  lcd.o
    0x080019ca   0x00000028   Code   RO         2550    i._Z11_tm1637Stopv  stm32_tm1637.o
    0x080019f2   0x00000006   Code   RO         2469    i._Z12LCD_SendCharc  lcd.o
    0x080019f8   0x00000018   Code   RO         2551    i._Z12_tm1637Startv  stm32_tm1637.o
    0x08001a10   0x0000003c   Code   RO         2470    i._Z12sendhalfbyteh  lcd.o
    0x08001a4c   0x00000010   Code   RO         2552    i._Z13_tm1637ClkLowv  stm32_tm1637.o
    0x08001a5c   0x00000010   Code   RO         2553    i._Z13_tm1637DioLowv  stm32_tm1637.o
    0x08001a6c   0x00000170   Code   RO          998    i._Z14UART_SetConfigP18UART_HandleTypeDef  stm32f1xx_hal_uart.o
    0x08001bdc   0x00000010   Code   RO         2554    i._Z14_tm1637ClkHighv  stm32_tm1637.o
    0x08001bec   0x00000028   Code   RO         2555    i._Z14_tm1637DelayUsj  stm32_tm1637.o
    0x08001c14   0x00000010   Code   RO         2556    i._Z14_tm1637DioHighv  stm32_tm1637.o
    0x08001c24   0x000000a8   Code   RO          999    i._Z15UART_Receive_ITP18UART_HandleTypeDef  stm32f1xx_hal_uart.o
    0x08001ccc   0x00000020   Code   RO          278    i._Z16NVIC_SetPriority9IRQn_Typej  stm32f1xx_hal_cortex.o
    0x08001cec   0x00000036   Code   RO          649    i._Z16RTC_ExitInitModeP17RTC_HandleTypeDef  stm32f1xx_hal_rtc.o
    0x08001d22   0x00000066   Code   RO         1000    i._Z16UART_Transmit_ITP18UART_HandleTypeDef  stm32f1xx_hal_uart.o
    0x08001d88   0x00000034   Code   RO         2557    i._Z16_tm1637WriteByteh  stm32_tm1637.o
    0x08001dbc   0x00000034   Code   RO          650    i._Z17RTC_EnterInitModeP17RTC_HandleTypeDef  stm32f1xx_hal_rtc.o
    0x08001df0   0x0000001e   Code   RO         2558    i._Z17_tm1637ReadResultv  stm32_tm1637.o
    0x08001e0e   0x00000080   Code   RO         2093    i._Z18SystemClock_Configv  main.o
    0x08001e8e   0x00000002   PAD
    0x08001e90   0x00000024   Code   RO         2471    i._Z19LCD_WriteByteI2CLCDh  lcd.o
    0x08001eb4   0x00000080   Code   RO         1511    i._Z21I2C_MasterReceive_BTFP17I2C_HandleTypeDef  stm32f1xx_hal_i2c.o
    0x08001f34   0x00000064   Code   RO         1515    i._Z22I2C_MasterReceive_RXNEP17I2C_HandleTypeDef  stm32f1xx_hal_i2c.o
    0x08001f98   0x00000074   Code   RO         1516    i._Z22I2C_MasterRequestWriteP17I2C_HandleTypeDeftj  stm32f1xx_hal_i2c.o
    0x0800200c   0x0000002a   Code   RO         1519    i._Z23I2C_IsAcknowledgeFailedP17I2C_HandleTypeDef  stm32f1xx_hal_i2c.o
    0x08002036   0x0000008a   Code   RO         1523    i._Z26I2C_WaitOnFlagUntilTimeoutP17I2C_HandleTypeDefj10FlagStatusj  stm32f1xx_hal_i2c.o
    0x080020c0   0x00000050   Code   RO         1524    i._Z29I2C_WaitOnTXEFlagUntilTimeoutP17I2C_HandleTypeDefj  stm32f1xx_hal_i2c.o
    0x08002110   0x00000088   Code   RO         1527    i._Z39I2C_WaitOnMasterAddressFlagUntilTimeoutP17I2C_HandleTypeDefjj  stm32f1xx_hal_i2c.o
    0x08002198   0x00000094   Code   RO         2472    i._Z7LCD_iniv       lcd.o
    0x0800222c   0x00000030   Code   RO         2473    i._Z8sendbytehh     lcd.o
    0x0800225c   0x00000014   Code   RO         2474    i._Z9LCD_Clearv     lcd.o
    0x08002270   0x00000024   Code   RO         2702    i.__0sprintf$bare   mc_w.l(printfb.o)
    0x08002294   0x0000000e   Code   RO         3003    i.__scatterload_copy  mc_w.l(handlers.o)
    0x080022a2   0x00000002   Code   RO         3004    i.__scatterload_null  mc_w.l(handlers.o)
    0x080022a4   0x0000000e   Code   RO         3005    i.__scatterload_zeroinit  mc_w.l(handlers.o)
    0x080022b2   0x00000022   Code   RO         2707    i._printf_core      mc_w.l(printfb.o)
    0x080022d4   0x0000000a   Code   RO         2709    i._sputc            mc_w.l(printfb.o)
    0x080022de   0x00000002   PAD
    0x080022e0   0x000000c4   Code   RO         2094    i.main              main.o
    0x080023a4   0x00000078   Code   RO         2559    i.tm1637DisplayDecimal  stm32_tm1637.o
    0x0800241c   0x00000064   Code   RO         2561    i.tm1637Init        stm32_tm1637.o
    0x08002480   0x0000001c   Code   RO         2562    i.tm1637SetBrightness  stm32_tm1637.o
    0x0800249c   0x00000011   Data   RO         2576    .constdata          stm32_tm1637.o
    0x080024ad   0x00000010   Data   RO         2661    .constdata          system_stm32f1xx.o
    0x080024bd   0x00000008   Data   RO         2662    .constdata          system_stm32f1xx.o
    0x080024c5   0x00000003   PAD
    0x080024c8   0x00000020   Data   RO         3001    Region$$Table       anon$$obj.o


    Execution Region RW_IRAM1 (Base: 0x20000000, Size: 0x000004e0, Max: 0x00005000, ABSOLUTE)

    Base Addr    Size         Type   Attr      Idx    E Section Name        Object

    0x20000000   0x00000004   Data   RW         1883    .data               stm32f1xx_hal.o
    0x20000004   0x00000002   Data   RW         2485    .data               lcd.o
    0x20000006   0x00000002   PAD
    0x20000008   0x00000004   Data   RW         2663    .data               system_stm32f1xx.o
    0x2000000c   0x0000003c   Zero   RW         2305    .bss                i2c.o
    0x20000048   0x00000014   Zero   RW         2350    .bss                rtc.o
    0x2000005c   0x00000080   Zero   RW         2422    .bss                usart.o
    0x200000dc   0x00000004   PAD
    0x200000e0   0x00000400   Zero   RW         2082    STACK               startup_stm32f103xb.o


==============================================================================

Image component sizes


      Code (inc. data)   RO Data    RW Data    ZI Data      Debug   Object Name

       100          8          0          0          0        899   gpio.o
       164         28          0          0         60       1589   i2c.o
       440         36          0          2          0       4968   lcd.o
       326         22          0          0          0       2204   main.o
       136         22          0          0         20       1523   rtc.o
        36          8        236          0       1024        768   startup_stm32f103xb.o
       498         40         17          0          0       6941   stm32_tm1637.o
       120         16          0          4          0       3614   stm32f1xx_hal.o
       228         14          0          0          0      27385   stm32f1xx_hal_cortex.o
       454         36          0          0          0       3076   stm32f1xx_hal_gpio.o
      1920         18          0          0          0      14931   stm32f1xx_hal_i2c.o
       128         10          0          0          0        862   stm32f1xx_hal_msp.o
        24          4          0          0          0        511   stm32f1xx_hal_pwr.o
      2042         96          0          0          0       5840   stm32f1xx_hal_rcc.o
       540         44          0          0          0     442613   stm32f1xx_hal_rcc_ex.o
       324          6          0          0          0       3732   stm32f1xx_hal_rtc.o
        64          0          0          0          0       2117   stm32f1xx_hal_rtc_ex.o
       956          4          0          0          0       5775   stm32f1xx_hal_uart.o
        90         30          0          0          0       5925   stm32f1xx_it.o
        72         16         24          4          0       1171   system_stm32f1xx.o
       288         34          0          0        128       2263   usart.o

    ----------------------------------------------------------------------
      8968        492        312         12       1236     538707   Object Totals
         0          0         32          0          0          0   (incl. Generated)
        18          0          3          2          4          0   (incl. Padding)

    ----------------------------------------------------------------------

      Code (inc. data)   RO Data    RW Data    ZI Data      Debug   Library Member Name

         0          0          0          0          0          0   entry.o
         0          0          0          0          0          0   entry10a.o
         0          0          0          0          0          0   entry11a.o
         8          4          0          0          0          0   entry2.o
         4          0          0          0          0          0   entry5.o
         0          0          0          0          0          0   entry7b.o
         0          0          0          0          0          0   entry8b.o
         8          4          0          0          0          0   entry9a.o
        30          0          0          0          0          0   handlers.o
        36          8          0          0          0         68   init.o
        80          4          0          0          0        236   printfb.o

    ----------------------------------------------------------------------
       168         20          0          0          0        304   Library Totals
         2          0          0          0          0          0   (incl. Padding)

    ----------------------------------------------------------------------

      Code (inc. data)   RO Data    RW Data    ZI Data      Debug   Library Name

       166         20          0          0          0        304   mc_w.l

    ----------------------------------------------------------------------
       168         20          0          0          0        304   Library Totals

    ----------------------------------------------------------------------

==============================================================================


      Code (inc. data)   RO Data    RW Data    ZI Data      Debug   

      9136        512        312         12       1236     533859   Grand Totals
      9136        512        312         12       1236     533859   ELF Image Totals
      9136        512        312         12          0          0   ROM Totals

==============================================================================

    Total RO  Size (Code + RO Data)                 9448 (   9.23kB)
    Total RW  Size (RW Data + ZI Data)              1248 (   1.22kB)
    Total ROM Size (Code + RO Data + RW Data)       9460 (   9.24kB)

==============================================================================

